This is XeTeX, Version 3.141592653-2.6-0.999997 (TeX Live 2025/Homebrew) (preloaded format=xelatex 2025.3.15)  14 JUN 2026 13:21
entering extended mode
 restricted \write18 enabled.
 %&-line parsing enabled.
**thesis.tex
(./thesis.tex
LaTeX2e <2024-11-01> patch level 2
L3 programming layer <2025-01-18>
(./tongjithesis.cls
Document Class: tongjithesis 2018/02/15 2 Tongji University Thesis Template

(/opt/homebrew/Cellar/texlive/20250308_1/share/texmf-dist/tex/generic/iftex/ifx
etex.sty
Package: ifxetex 2019/10/25 v0.7 ifxetex legacy package. Use iftex instead.

(/opt/homebrew/Cellar/texlive/20250308_1/share/texmf-dist/tex/generic/iftex/ift
ex.sty
Package: iftex 2024/12/12 v1.0g TeX engine tests
))
(/opt/homebrew/Cellar/texlive/20250308_1/share/texmf-dist/tex/latex/filehook/fi
lehook.sty
Package: filehook 2022/10/25 v0.8b Hooks for input files

(/opt/homebrew/Cellar/texlive/20250308_1/share/texmf-dist/tex/latex/filehook/fi
lehook-2020.sty
Package: filehook-2020 2022/10/25 v0.8b Hooks for input files
))
(/opt/homebrew/Cellar/texlive/20250308_1/share/texmf-dist/tex/generic/xstring/x
string.sty
(/opt/homebrew/Cellar/texlive/20250308_1/share/texmf-dist/tex/generic/xstring/x
string.tex
\xs_counta=\count192
\xs_countb=\count193
)
Package: xstring 2023/08/22 v1.86 String manipulations (CT)
)
(/opt/homebrew/Cellar/texlive/20250308_1/share/texmf-dist/tex/latex/environ/env
iron.sty
Package: environ 2014/05/04 v0.3 A new way to define environments

(/opt/homebrew/Cellar/texlive/20250308_1/share/texmf-dist/tex/latex/trimspaces/
trimspaces.sty
Package: trimspaces 2009/09/17 v1.1 Trim spaces around a token list
)
\@envbody=\toks17
)
(/opt/homebrew/Cellar/texlive/20250308_1/share/texmf-dist/tex/latex/tools/xspac
e.sty
Package: xspace 2014/10/28 v1.13 Space after command names (DPC,MH)
)
(/opt/homebrew/Cellar/texlive/20250308_1/share/texmf-dist/tex/latex/etoolbox/et
oolbox.sty
Package: etoolbox 2025/02/11 v2.5l e-TeX tools for LaTeX (JAW)
\etb@tempcnta=\count194
)
(/opt/homebrew/Cellar/texlive/20250308_1/share/texmf-dist/tex/latex/l3packages/
xparse/xparse.sty
(/opt/homebrew/Cellar/texlive/20250308_1/share/texmf-dist/tex/latex/l3kernel/ex
pl3.sty
Package: expl3 2025-01-18 L3 programming layer (loader) 

(/opt/homebrew/Cellar/texlive/20250308_1/share/texmf-dist/tex/latex/l3backend/l
3backend-xetex.def
File: l3backend-xetex.def 2024-05-08 L3 backend support: XeTeX
\g__graphics_track_int=\count195
\l__pdf_internal_box=\box52
\g__pdf_backend_annotation_int=\count196
\g__pdf_backend_link_int=\count197
))
Package: xparse 2024-08-16 L3 Experimental document command parser
)
(/opt/homebrew/Cellar/texlive/20250308_1/share/texmf-dist/tex/latex/kvoptions/k
voptions.sty
Package: kvoptions 2022-06-15 v3.15 Key value format for package options (HO)

(/opt/homebrew/Cellar/texlive/20250308_1/share/texmf-dist/tex/latex/graphics/ke
yval.sty
Package: keyval 2022/05/29 v1.15 key=value parser (DPC)
\KV@toks@=\toks18
)
(/opt/homebrew/Cellar/texlive/20250308_1/share/texmf-dist/tex/generic/ltxcmds/l
txcmds.sty
Package: ltxcmds 2023-12-04 v1.26 LaTeX kernel commands for general use (HO)
)
(/opt/homebrew/Cellar/texlive/20250308_1/share/texmf-dist/tex/latex/kvsetkeys/k
vsetkeys.sty
Package: kvsetkeys 2022-10-05 v1.19 Key value parser (HO)
))
(/opt/homebrew/Cellar/texlive/20250308_1/share/texmf-dist/tex/latex/base/fonten
c.sty
Package: fontenc 2021/04/29 v2.0v Standard LaTeX package
LaTeX Font Info:    Trying to load font information for T1+lmr on input line 11
6.

(/opt/homebrew/Cellar/texlive/20250308_1/share/texmf-dist/tex/latex/lm/t1lmr.fd
File: t1lmr.fd 2015/05/01 v1.6.1 Font defs for Latin Modern
))
(/opt/homebrew/Cellar/texlive/20250308_1/share/texmf-dist/tex/latex/ctex/ctexbo
ok.cls
(/opt/homebrew/Cellar/texlive/20250308_1/share/texmf-dist/tex/latex/ctex/config
/ctexbackend.cfg
File: ctexbackend.cfg 2022/07/14 v2.5.10 Backend configuration file (CTEX)
)
Document Class: ctexbook 2022/07/14 v2.5.10 Chinese adapter for class book (CTE
X)

(/opt/homebrew/Cellar/texlive/20250308_1/share/texmf-dist/tex/latex/ctex/ctexho
ok.sty
Package: ctexhook 2022/07/14 v2.5.10 Document and package hooks (CTEX)
)
(/opt/homebrew/Cellar/texlive/20250308_1/share/texmf-dist/tex/latex/ctex/ctexpa
tch.sty
Package: ctexpatch 2022/07/14 v2.5.10 Patching commands (CTEX)
)
(/opt/homebrew/Cellar/texlive/20250308_1/share/texmf-dist/tex/latex/base/fix-cm
.sty
Package: fix-cm 2020/11/24 v1.1t fixes to LaTeX

(/opt/homebrew/Cellar/texlive/20250308_1/share/texmf-dist/tex/latex/base/ts1enc
.def
File: ts1enc.def 2001/06/05 v3.0e (jk/car/fm) Standard LaTeX file
LaTeX Font Info:    Redeclaring font encoding TS1 on input line 47.
))
\l__ctex_tmp_int=\count198
\l__ctex_tmp_box=\box53
\l__ctex_tmp_dim=\dimen141
\g__ctex_section_depth_int=\count199
\g__ctex_font_size_int=\count266

(/opt/homebrew/Cellar/texlive/20250308_1/share/texmf-dist/tex/latex/ctex/config
/ctexopts.cfg
File: ctexopts.cfg 2022/07/14 v2.5.10 Option configuration file (CTEX)
)
(/opt/homebrew/Cellar/texlive/20250308_1/share/texmf-dist/tex/latex/base/book.c
ls
Document Class: book 2024/06/29 v1.4n Standard LaTeX document class

(/opt/homebrew/Cellar/texlive/20250308_1/share/texmf-dist/tex/latex/base/bk12.c
lo
File: bk12.clo 2024/06/29 v1.4n Standard LaTeX file (size option)
)
\c@part=\count267
\c@chapter=\count268
\c@section=\count269
\c@subsection=\count270
\c@subsubsection=\count271
\c@paragraph=\count272
\c@subparagraph=\count273
\c@figure=\count274
\c@table=\count275
\abovecaptionskip=\skip49
\belowcaptionskip=\skip50
\bibindent=\dimen142
)
(/opt/homebrew/Cellar/texlive/20250308_1/share/texmf-dist/tex/latex/ctex/engine
/ctex-engine-xetex.def
File: ctex-engine-xetex.def 2022/07/14 v2.5.10 XeLaTeX adapter (CTEX)

(/opt/homebrew/Cellar/texlive/20250308_1/share/texmf-dist/tex/xelatex/xecjk/xeC
JK.sty
Package: xeCJK 2022/08/05 v3.9.1 Typesetting CJK scripts with XeLaTeX

(/opt/homebrew/Cellar/texlive/20250308_1/share/texmf-dist/tex/latex/l3packages/
xtemplate/xtemplate.sty
Package: xtemplate 2024-08-16 L3 Experimental prototype document functions
)
\l__xeCJK_tmp_int=\count276
\l__xeCJK_tmp_box=\box54
\l__xeCJK_tmp_dim=\dimen143
\l__xeCJK_tmp_skip=\skip51
\g__xeCJK_space_factor_int=\count277
\l__xeCJK_begin_int=\count278
\l__xeCJK_end_int=\count279
\c__xeCJK_CJK_class_int=\XeTeXcharclass1
\c__xeCJK_FullLeft_class_int=\XeTeXcharclass2
\c__xeCJK_FullRight_class_int=\XeTeXcharclass3
\c__xeCJK_HalfLeft_class_int=\XeTeXcharclass4
\c__xeCJK_HalfRight_class_int=\XeTeXcharclass5
\c__xeCJK_NormalSpace_class_int=\XeTeXcharclass6
\c__xeCJK_CM_class_int=\XeTeXcharclass7
\c__xeCJK_HangulJamo_class_int=\XeTeXcharclass8
\l__xeCJK_last_skip=\skip52
\c__xeCJK_none_node=\count280
\g__xeCJK_node_int=\count281
\c__xeCJK_CJK_node_dim=\dimen144
\c__xeCJK_CJK-space_node_dim=\dimen145
\c__xeCJK_default_node_dim=\dimen146
\c__xeCJK_CJK-widow_node_dim=\dimen147
\c__xeCJK_normalspace_node_dim=\dimen148
\c__xeCJK_default-space_node_skip=\skip53
\l__xeCJK_ccglue_skip=\skip54
\l__xeCJK_ecglue_skip=\skip55
\l__xeCJK_punct_kern_skip=\skip56
\l__xeCJK_indent_box=\box55
\l__xeCJK_last_penalty_int=\count282
\l__xeCJK_last_bound_dim=\dimen149
\l__xeCJK_last_kern_dim=\dimen150
\l__xeCJK_widow_penalty_int=\count283

LaTeX template Info: Declaring template type 'xeCJK/punctuation' taking 0
(template)           argument(s) on line 2396.

\l__xeCJK_fixed_punct_width_dim=\dimen151
\l__xeCJK_mixed_punct_width_dim=\dimen152
\l__xeCJK_middle_punct_width_dim=\dimen153
\l__xeCJK_fixed_margin_width_dim=\dimen154
\l__xeCJK_mixed_margin_width_dim=\dimen155
\l__xeCJK_middle_margin_width_dim=\dimen156
\l__xeCJK_bound_punct_width_dim=\dimen157
\l__xeCJK_bound_margin_width_dim=\dimen158
\l__xeCJK_margin_minimum_dim=\dimen159
\l__xeCJK_kerning_total_width_dim=\dimen160
\l__xeCJK_same_align_margin_dim=\dimen161
\l__xeCJK_different_align_margin_dim=\dimen162
\l__xeCJK_kerning_margin_width_dim=\dimen163
\l__xeCJK_kerning_margin_minimum_dim=\dimen164
\l__xeCJK_bound_dim=\dimen165
\l__xeCJK_reverse_bound_dim=\dimen166
\l__xeCJK_margin_dim=\dimen167
\l__xeCJK_minimum_bound_dim=\dimen168
\l__xeCJK_kerning_margin_dim=\dimen169
\g__xeCJK_family_int=\count284
\l__xeCJK_fam_int=\count285
\g__xeCJK_fam_allocation_int=\count286
\l__xeCJK_verb_case_int=\count287
\l__xeCJK_verb_exspace_skip=\skip57

(/opt/homebrew/Cellar/texlive/20250308_1/share/texmf-dist/tex/latex/fontspec/fo
ntspec.sty
Package: fontspec 2024/05/11 v2.9e Font selection for XeLaTeX and LuaLaTeX

(/opt/homebrew/Cellar/texlive/20250308_1/share/texmf-dist/tex/latex/fontspec/fo
ntspec-xetex.sty
Package: fontspec-xetex 2024/05/11 v2.9e Font selection for XeLaTeX and LuaLaTe
X
\l__fontspec_script_int=\count288
\l__fontspec_language_int=\count289
\l__fontspec_strnum_int=\count290
\l__fontspec_tmp_int=\count291
\l__fontspec_tmpa_int=\count292
\l__fontspec_tmpb_int=\count293
\l__fontspec_tmpc_int=\count294
\l__fontspec_em_int=\count295
\l__fontspec_emdef_int=\count296
\l__fontspec_strong_int=\count297
\l__fontspec_strongdef_int=\count298
\l__fontspec_tmpa_dim=\dimen170
\l__fontspec_tmpb_dim=\dimen171
\l__fontspec_tmpc_dim=\dimen172

(/opt/homebrew/Cellar/texlive/20250308_1/share/texmf-dist/tex/latex/base/fonten
c.sty
Package: fontenc 2021/04/29 v2.0v Standard LaTeX package
)
(/opt/homebrew/Cellar/texlive/20250308_1/share/texmf-dist/tex/latex/fontspec/fo
ntspec.cfg)))
(/opt/homebrew/Cellar/texlive/20250308_1/share/texmf-dist/tex/xelatex/xecjk/xeC
JK.cfg
File: xeCJK.cfg 2022/08/05 v3.9.1 Configuration file for xeCJK package
))
\ccwd=\dimen173
\l__ctex_ccglue_skip=\skip58
)
\l__ctex_ziju_dim=\dimen174

(/opt/homebrew/Cellar/texlive/20250308_1/share/texmf-dist/tex/latex/zhnumber/zh
number.sty
Package: zhnumber 2022/07/14 v3.0 Typesetting numbers with Chinese glyphs
\l__zhnum_scale_int=\count299
\l__zhnum_tmp_int=\count300

(/opt/homebrew/Cellar/texlive/20250308_1/share/texmf-dist/tex/latex/zhnumber/zh
number-utf8.cfg
File: zhnumber-utf8.cfg 2022/07/14 v3.0 Chinese numerals with UTF8 encoding
))
\l__ctex_heading_skip=\skip59

(/opt/homebrew/Cellar/texlive/20250308_1/share/texmf-dist/tex/latex/ctex/scheme
/ctex-scheme-plain-book.def
File: ctex-scheme-plain-book.def 2022/07/14 v2.5.10 Plain scheme for book (CTEX
)
)
(/opt/homebrew/Cellar/texlive/20250308_1/share/texmf-dist/tex/latex/ctex/ctex-c
s4size.clo
File: ctex-cs4size.clo 2022/07/14 v2.5.10 cs4size option (CTEX)
) (./ctex-fontset-tongji.def
File: ctex-fontset-tongji.def 2024/08/30 v2.5.10 TONGJI fonts definition by WYQ
Y (CTEX)

Package fontspec Info: 
(fontspec)             Font family 'SimHei.ttf(0)' created for font
(fontspec)             'SimHei.ttf' with options
(fontspec)             [AutoFakeBold=1.2,AutoFakeSlant,Path={fonts/}].
(fontspec)              
(fontspec)              This font family consists of the following NFSS
(fontspec)             series/shapes:
(fontspec)              
(fontspec)             - 'normal' (m/n) with NFSS spec.:
(fontspec)             <->"[fonts/SimHei.ttf]/OT:script=latn;language=dflt;"
(fontspec)             - 'bold' (b/n) with NFSS spec.:
(fontspec)             <->"[fonts/SimHei.ttf]/OT:script=latn;language=dflt;embo
lden=1.2;"
(fontspec)             - 'italic' (m/it) with NFSS spec.:
(fontspec)             <->"[fonts/SimHei.ttf]/OT:script=latn;language=dflt;slan
t=0.2;"
(fontspec)             - 'bold italic' (b/it) with NFSS spec.:
(fontspec)             <->"[fonts/SimHei.ttf]/OT:script=latn;language=dflt;embo
lden=1.2;slant=0.2;"


Package fontspec Info: 
(fontspec)             Font family 'SimSun.ttf(0)' created for font
(fontspec)             'SimSun.ttf' with options
(fontspec)             [AutoFakeBold=1.2,AutoFakeSlant,Path={fonts/}].
(fontspec)              
(fontspec)              This font family consists of the following NFSS
(fontspec)             series/shapes:
(fontspec)              
(fontspec)             - 'normal' (m/n) with NFSS spec.:
(fontspec)             <->"[fonts/SimSun.ttf]/OT:script=latn;language=dflt;"
(fontspec)             - 'bold' (b/n) with NFSS spec.:
(fontspec)             <->"[fonts/SimSun.ttf]/OT:script=latn;language=dflt;embo
lden=1.2;"
(fontspec)             - 'italic' (m/it) with NFSS spec.:
(fontspec)             <->"[fonts/SimSun.ttf]/OT:script=latn;language=dflt;slan
t=0.2;"
(fontspec)             - 'bold italic' (b/it) with NFSS spec.:
(fontspec)             <->"[fonts/SimSun.ttf]/OT:script=latn;language=dflt;embo
lden=1.2;slant=0.2;"


Package fontspec Info: 
(fontspec)             Font family 'times.ttf(0)' created for font 'times.ttf'
(fontspec)             with options
(fontspec)             [Ligatures=TeX,Path={fonts/},BoldFont=timesbd.ttf,Italic
Font=timesi.ttf,BoldItalicFont=timesbi.ttf].
(fontspec)              
(fontspec)              This font family consists of the following NFSS
(fontspec)             series/shapes:
(fontspec)              
(fontspec)             - 'normal' (m/n) with NFSS spec.:
(fontspec)             <->"[fonts/times.ttf]/OT:script=latn;language=dflt;mappi
ng=tex-text;"
(fontspec)             - 'small caps'  (m/sc) with NFSS spec.:
(fontspec)             <->"[fonts/times.ttf]/OT:script=latn;language=dflt;+smcp
;mapping=tex-text;"
(fontspec)             - 'bold' (b/n) with NFSS spec.:
(fontspec)             <->"[fonts/timesbd.ttf]/OT:script=latn;language=dflt;map
ping=tex-text;"
(fontspec)             - 'bold small caps'  (b/sc) with NFSS spec.:
(fontspec)             <->"[fonts/timesbd.ttf]/OT:script=latn;language=dflt;+sm
cp;mapping=tex-text;"
(fontspec)             - 'italic' (m/it) with NFSS spec.:
(fontspec)             <->"[fonts/timesi.ttf]/OT:script=latn;language=dflt;mapp
ing=tex-text;"
(fontspec)             - 'italic small caps'  (m/scit) with NFSS spec.:
(fontspec)             <->"[fonts/timesi.ttf]/OT:script=latn;language=dflt;+smc
p;mapping=tex-text;"
(fontspec)             - 'bold italic' (b/it) with NFSS spec.:
(fontspec)             <->"[fonts/timesbi.ttf]/OT:script=latn;language=dflt;map
ping=tex-text;"
(fontspec)             - 'bold italic small caps'  (b/scit) with NFSS spec.:
(fontspec)             <->"[fonts/timesbi.ttf]/OT:script=latn;language=dflt;+sm
cp;mapping=tex-text;"


Package fontspec Info: 
(fontspec)             Font family 'SimSun.ttf(1)' created for font
(fontspec)             'SimSun.ttf' with options
(fontspec)             [Script={CJK},Path={fonts/},BoldFont={SimHei.ttf},Italic
Font={KaiTi.ttf}].
(fontspec)              
(fontspec)              This font family consists of the following NFSS
(fontspec)             series/shapes:
(fontspec)              
(fontspec)             - 'normal' (m/n) with NFSS spec.:
(fontspec)             <->"[fonts/SimSun.ttf]/OT:script=hani;language=dflt;"
(fontspec)             - 'bold' (b/n) with NFSS spec.:
(fontspec)             <->"[fonts/SimHei.ttf]/OT:script=hani;language=dflt;"
(fontspec)             - 'italic' (m/it) with NFSS spec.:
(fontspec)             <->"[fonts/KaiTi.ttf]/OT:script=hani;language=dflt;"


Package fontspec Info: 
(fontspec)             Font family 'arial.ttf(0)' created for font 'arial.ttf'
(fontspec)             with options
(fontspec)             [Ligatures=TeX,Path={fonts/},BoldFont=arialbd.ttf,Italic
Font=ariali.ttf,BoldItalicFont=arialbi.ttf].
(fontspec)              
(fontspec)              This font family consists of the following NFSS
(fontspec)             series/shapes:
(fontspec)              
(fontspec)             - 'normal' (m/n) with NFSS spec.:
(fontspec)             <->"[fonts/arial.ttf]/OT:script=latn;language=dflt;mappi
ng=tex-text;"
(fontspec)             - 'small caps'  (m/sc) with NFSS spec.:
(fontspec)             <->"[fonts/arial.ttf]/OT:script=latn;language=dflt;+smcp
;mapping=tex-text;"
(fontspec)             - 'bold' (b/n) with NFSS spec.:
(fontspec)             <->"[fonts/arialbd.ttf]/OT:script=latn;language=dflt;map
ping=tex-text;"
(fontspec)             - 'bold small caps'  (b/sc) with NFSS spec.:
(fontspec)             <->"[fonts/arialbd.ttf]/OT:script=latn;language=dflt;+sm
cp;mapping=tex-text;"
(fontspec)             - 'italic' (m/it) with NFSS spec.:
(fontspec)             <->"[fonts/ariali.ttf]/OT:script=latn;language=dflt;mapp
ing=tex-text;"
(fontspec)             - 'italic small caps'  (m/scit) with NFSS spec.:
(fontspec)             <->"[fonts/ariali.ttf]/OT:script=latn;language=dflt;+smc
p;mapping=tex-text;"
(fontspec)             - 'bold italic' (b/it) with NFSS spec.:
(fontspec)             <->"[fonts/arialbi.ttf]/OT:script=latn;language=dflt;map
ping=tex-text;"
(fontspec)             - 'bold italic small caps'  (b/scit) with NFSS spec.:
(fontspec)             <->"[fonts/arialbi.ttf]/OT:script=latn;language=dflt;+sm
cp;mapping=tex-text;"


Package fontspec Info: 
(fontspec)             Font family 'cour.ttf(0)' created for font 'cour.ttf'
(fontspec)             with options
(fontspec)             [WordSpace={1,0,0},HyphenChar=None,PunctuationSpace=Word
Space,Path={fonts/},BoldFont=courbd.ttf,ItalicFont=couri.ttf,BoldItalicFont=cou
rbi.ttf].
(fontspec)              
(fontspec)              This font family consists of the following NFSS
(fontspec)             series/shapes:
(fontspec)              
(fontspec)             - 'normal' (m/n) with NFSS spec.:
(fontspec)             <->"[fonts/cour.ttf]/OT:script=latn;language=dflt;"
(fontspec)             - 'bold' (b/n) with NFSS spec.:
(fontspec)             <->"[fonts/courbd.ttf]/OT:script=latn;language=dflt;"
(fontspec)             - 'italic' (m/it) with NFSS spec.:
(fontspec)             <->"[fonts/couri.ttf]/OT:script=latn;language=dflt;"
(fontspec)             - 'bold italic' (b/it) with NFSS spec.:
(fontspec)             <->"[fonts/courbi.ttf]/OT:script=latn;language=dflt;"


Package fontspec Info: 
(fontspec)             Font family 'SimHei.ttf(1)' created for font
(fontspec)             'SimHei.ttf' with options [Path={fonts/}].
(fontspec)              
(fontspec)              This font family consists of the following NFSS
(fontspec)             series/shapes:
(fontspec)              
(fontspec)             - 'normal' (m/n) with NFSS spec.:
(fontspec)             <->"[fonts/SimHei.ttf]/OT:script=latn;language=dflt;"


Package fontspec Info: 
(fontspec)             Font family 'SimSun.ttf(2)' created for font
(fontspec)             'SimSun.ttf' with options [Path={fonts/}].
(fontspec)              
(fontspec)              This font family consists of the following NFSS
(fontspec)             series/shapes:
(fontspec)              
(fontspec)             - 'normal' (m/n) with NFSS spec.:
(fontspec)             <->"[fonts/SimSun.ttf]/OT:script=latn;language=dflt;"

))
(/opt/homebrew/Cellar/texlive/20250308_1/share/texmf-dist/tex/latex/ctex/config
/ctex.cfg
File: ctex.cfg 2022/07/14 v2.5.10 Configuration file (CTEX)
)
(/opt/homebrew/Cellar/texlive/20250308_1/share/texmf-dist/tex/latex/amsmath/ams
math.sty
Package: amsmath 2024/11/05 v2.17t AMS math features
\@mathmargin=\skip60

For additional information on amsmath, use the `?' option.

(/opt/homebrew/Cellar/texlive/20250308_1/share/texmf-dist/tex/latex/amsmath/ams
text.sty
Package: amstext 2021/08/26 v2.01 AMS text

(/opt/homebrew/Cellar/texlive/20250308_1/share/texmf-dist/tex/latex/amsmath/ams
gen.sty
File: amsgen.sty 1999/11/30 v2.0 generic functions
\@emptytoks=\toks19
\ex@=\dimen175
))
(/opt/homebrew/Cellar/texlive/20250308_1/share/texmf-dist/tex/latex/amsmath/ams
bsy.sty
Package: amsbsy 1999/11/29 v1.2d Bold Symbols
\pmbraise@=\dimen176
)
(/opt/homebrew/Cellar/texlive/20250308_1/share/texmf-dist/tex/latex/amsmath/ams
opn.sty
Package: amsopn 2022/04/08 v2.04 operator names
)
\inf@bad=\count301
LaTeX Info: Redefining \frac on input line 233.
\uproot@=\count302
\leftroot@=\count303
LaTeX Info: Redefining \overline on input line 398.
LaTeX Info: Redefining \colon on input line 409.
\classnum@=\count304
\DOTSCASE@=\count305
LaTeX Info: Redefining \ldots on input line 495.
LaTeX Info: Redefining \dots on input line 498.
LaTeX Info: Redefining \cdots on input line 619.
\Mathstrutbox@=\box56
\strutbox@=\box57
LaTeX Info: Redefining \big on input line 721.
LaTeX Info: Redefining \Big on input line 722.
LaTeX Info: Redefining \bigg on input line 723.
LaTeX Info: Redefining \Bigg on input line 724.
\big@size=\dimen177
LaTeX Font Info:    Redeclaring font encoding OML on input line 742.
LaTeX Font Info:    Redeclaring font encoding OMS on input line 743.
\macc@depth=\count306
LaTeX Info: Redefining \bmod on input line 904.
LaTeX Info: Redefining \pmod on input line 909.
LaTeX Info: Redefining \smash on input line 939.
LaTeX Info: Redefining \relbar on input line 969.
LaTeX Info: Redefining \Relbar on input line 970.
\c@MaxMatrixCols=\count307
\dotsspace@=\muskip17
\c@parentequation=\count308
\dspbrk@lvl=\count309
\tag@help=\toks20
\row@=\count310
\column@=\count311
\maxfields@=\count312
\andhelp@=\toks21
\eqnshift@=\dimen178
\alignsep@=\dimen179
\tagshift@=\dimen180
\tagwidth@=\dimen181
\totwidth@=\dimen182
\lineht@=\dimen183
\@envbody=\toks22
\multlinegap=\skip61
\multlinetaggap=\skip62
\mathdisplay@stack=\toks23
LaTeX Info: Redefining \[ on input line 2953.
LaTeX Info: Redefining \] on input line 2954.
)
(/opt/homebrew/Cellar/texlive/20250308_1/share/texmf-dist/tex/latex/mathtools/m
athtools.sty
Package: mathtools 2024/10/04 v1.31 mathematical typesetting tools

(/opt/homebrew/Cellar/texlive/20250308_1/share/texmf-dist/tex/latex/tools/calc.
sty
Package: calc 2023/07/08 v4.3 Infix arithmetic (KKT,FJ)
\calc@Acount=\count313
\calc@Bcount=\count314
\calc@Adimen=\dimen184
\calc@Bdimen=\dimen185
\calc@Askip=\skip63
\calc@Bskip=\skip64
LaTeX Info: Redefining \setlength on input line 80.
LaTeX Info: Redefining \addtolength on input line 81.
\calc@Ccount=\count315
\calc@Cskip=\skip65
)
(/opt/homebrew/Cellar/texlive/20250308_1/share/texmf-dist/tex/latex/mathtools/m
hsetup.sty
Package: mhsetup 2021/03/18 v1.4 programming setup (MH)
)
\g_MT_multlinerow_int=\count316
\l_MT_multwidth_dim=\dimen186
\origjot=\skip66
\l_MT_shortvdotswithinadjustabove_dim=\dimen187
\l_MT_shortvdotswithinadjustbelow_dim=\dimen188
\l_MT_above_intertext_sep=\dimen189
\l_MT_below_intertext_sep=\dimen190
\l_MT_above_shortintertext_sep=\dimen191
\l_MT_below_shortintertext_sep=\dimen192
\xmathstrut@box=\box58
\xmathstrut@dim=\dimen193
)
(/opt/homebrew/Cellar/texlive/20250308_1/share/texmf-dist/tex/latex/amsfonts/am
sfonts.sty
Package: amsfonts 2013/01/14 v3.01 Basic AMSFonts support
\symAMSa=\mathgroup4
\symAMSb=\mathgroup5
LaTeX Font Info:    Redeclaring math symbol \hbar on input line 98.
LaTeX Font Info:    Overwriting math alphabet `\mathfrak' in version `bold'
(Font)                  U/euf/m/n --> U/euf/b/n on input line 106.
)
(/opt/homebrew/Cellar/texlive/20250308_1/share/texmf-dist/tex/latex/amsfonts/am
ssymb.sty
Package: amssymb 2013/01/14 v3.01 AMS font symbols
)
(/opt/homebrew/Cellar/texlive/20250308_1/share/texmf-dist/tex/latex/ntheorem/nt
heorem.sty
Style `ntheorem', Version 1.33 <2011/08/15>
Package: ntheorem 2011/08/15 1.33

(/opt/homebrew/Cellar/texlive/20250308_1/share/texmf-dist/tex/latex/base/ifthen
.sty
Package: ifthen 2024/03/16 v1.1e Standard LaTeX ifthen package (DPC)
)
\theorem@style=\toks24
\theorem@@style=\toks25
\theorembodyfont=\toks26
\theoremnumbering=\toks27
\theorempreskipamount=\skip67
\theorempostskipamount=\skip68
\theoremframepreskipamount=\skip69
\theoremframepostskipamount=\skip70
\theoreminframepreskipamount=\skip71
\theoreminframepostskipamount=\skip72
\theorem@preskip=\toks28
\theorem@postskip=\toks29
\theorem@framepreskip=\toks30
\theorem@framepostskip=\toks31
\theorem@inframepreskip=\toks32
\theorem@inframepostskip=\toks33
\theoremindent=\dimen194
\theorem@indent=\dimen195
\theoremrightindent=\dimen196
\theorem@rightindent=\dimen197
\theoremheaderfont=\toks34
\theoremseparator=\toks35
\theoremprework=\toks36
\theorempostwork=\toks37
\theoremsymbol=\toks38
\qedsymbol=\toks39
\theoremkeyword=\toks40
\qedsymbol=\toks41
\thm@topsep=\skip73
\thm@topsepadd=\skip74
Package ntheorem Info: Option `thmmarks' loaded on input line 1175.
\c@endNonectr=\count317
\c@currNonectr=\count318
\mysavskip=\skip75
Package ntheorem Info: option `amsmath' handling for `thmmarks' loaded on input
 line 1175.
\thm@amstmpdepth=\dimen198
\tagwidth=\dimen199
)
(/opt/homebrew/Cellar/texlive/20250308_1/share/texmf-dist/tex/xelatex/xecjk/xeC
JKfntef.sty
Package: xeCJKfntef 2022/08/05 v3.9.1 xeCJK font effect

(/opt/homebrew/Cellar/texlive/20250308_1/share/texmf-dist/tex/generic/ulem/ulem
.sty
\UL@box=\box59
\UL@hyphenbox=\box60
\UL@skip=\skip76
\UL@hook=\toks42
\UL@height=\dimen256
\UL@pe=\count319
\UL@pixel=\dimen257
\ULC@box=\box61
Package: ulem 2019/11/18
\ULdepth=\dimen258
)
\l__xeCJK_space_skip=\skip77
\c__xeCJK_ulem-begin_node_dim=\dimen259
\l__xeCJK_hidden_box=\box62
\l__xeCJK_fntef_box=\box63
\l__xeCJK_under_symbol_box=\box64
\c__xeCJK_filll_skip=\skip78
)
(/opt/homebrew/Cellar/texlive/20250308_1/share/texmf-dist/tex/latex/graphics/gr
aphicx.sty
Package: graphicx 2021/09/16 v1.2d Enhanced LaTeX Graphics (DPC,SPQR)

(/opt/homebrew/Cellar/texlive/20250308_1/share/texmf-dist/tex/latex/graphics/gr
aphics.sty
Package: graphics 2024/08/06 v1.4g Standard LaTeX Graphics (DPC,SPQR)

(/opt/homebrew/Cellar/texlive/20250308_1/share/texmf-dist/tex/latex/graphics/tr
ig.sty
Package: trig 2023/12/02 v1.11 sin cos tan (DPC)
)
(/opt/homebrew/Cellar/texlive/20250308_1/share/texmf-dist/tex/latex/graphics-cf
g/graphics.cfg
File: graphics.cfg 2016/06/04 v1.11 sample graphics configuration
)
Package graphics Info: Driver file: xetex.def on input line 106.

(/opt/homebrew/Cellar/texlive/20250308_1/share/texmf-dist/tex/latex/graphics-de
f/xetex.def
File: xetex.def 2022/09/22 v5.0n Graphics/color driver for xetex
))
\Gin@req@height=\dimen260
\Gin@req@width=\dimen261
)
(/opt/homebrew/Cellar/texlive/20250308_1/share/texmf-dist/tex/latex/caption/sub
caption.sty
Package: subcaption 2023/07/28 v1.6b Sub-captions (AR)

(/opt/homebrew/Cellar/texlive/20250308_1/share/texmf-dist/tex/latex/caption/cap
tion.sty
Package: caption 2023/08/05 v3.6o Customizing captions (AR)

(/opt/homebrew/Cellar/texlive/20250308_1/share/texmf-dist/tex/latex/caption/cap
tion3.sty
Package: caption3 2023/07/31 v2.4d caption3 kernel (AR)
\caption@tempdima=\dimen262
\captionmargin=\dimen263
\caption@leftmargin=\dimen264
\caption@rightmargin=\dimen265
\caption@width=\dimen266
\caption@indent=\dimen267
\caption@parindent=\dimen268
\caption@hangindent=\dimen269
Package caption Info: Standard document class detected.
)
\c@caption@flags=\count320
\c@continuedfloat=\count321
)
Package caption Info: New subtype `subfigure' on input line 238.
\c@subfigure=\count322
Package caption Info: New subtype `subtable' on input line 238.
\c@subtable=\count323
)
(/opt/homebrew/Cellar/texlive/20250308_1/share/texmf-dist/tex/latex/enumitem/en
umitem.sty
Package: enumitem 2025/02/06 v3.11 Customized lists
\labelindent=\skip79
\enit@outerparindent=\dimen270
\enit@toks=\toks43
\enit@inbox=\box65
\enit@count@id=\count324
\enitdp@description=\count325
)
(/opt/homebrew/Cellar/texlive/20250308_1/share/texmf-dist/tex/latex/tools/array
.sty
Package: array 2024/10/17 v2.6g Tabular extension package (FMi)
\col@sep=\dimen271
\ar@mcellbox=\box66
\extrarowheight=\dimen272
\NC@list=\toks44
\extratabsurround=\skip80
\backup@length=\skip81
\ar@cellbox=\box67
)
(/opt/homebrew/Cellar/texlive/20250308_1/share/texmf-dist/tex/latex/algorithm2e
/algorithm2e.sty
Invalid UTF-8 byte or sequence at line 284 replaced by U+FFFD.
Invalid UTF-8 byte or sequence at line 299 replaced by U+FFFD.
Invalid UTF-8 byte or sequence at line 550 replaced by U+FFFD.
Package: algorithm2e 2017/07/18 v5.2 algorithms environments
\c@AlgoLine=\count326
\algocf@hangindent=\skip82

(/opt/homebrew/Cellar/texlive/20250308_1/share/texmf-dist/tex/latex/ifoddpage/i
foddpage.sty
Package: ifoddpage 2022/10/18 v1.2 Conditionals for odd/even page detection
\c@checkoddpage=\count327
)
(/opt/homebrew/Cellar/texlive/20250308_1/share/texmf-dist/tex/latex/relsize/rel
size.sty
Package: relsize 2013/03/29 ver 4.1
)
\skiptotal=\skip83
\skiplinenumber=\skip84
\skiprule=\skip85
\skiphlne=\skip86
\skiptext=\skip87
\skiplength=\skip88
\algomargin=\skip89
\skipalgocfslide=\skip90
\algowidth=\dimen273
\inoutsize=\dimen274
\inoutindent=\dimen275
\interspacetitleruled=\dimen276
\interspacealgoruled=\dimen277
\interspacetitleboxruled=\dimen278
\algocf@ruledwidth=\skip91
\algocf@inoutbox=\box68
\algocf@inputbox=\box69
\AlCapSkip=\skip92
\AlCapHSkip=\skip93
\algoskipindent=\skip94
\algocf@nlbox=\box70
\algocf@hangingbox=\box71
\algocf@untilbox=\box72
\algocf@skipuntil=\skip95
\algocf@capbox=\box73
\algocf@lcaptionbox=\skip96
\algoheightruledefault=\skip97
\algoheightrule=\skip98
\algotitleheightruledefault=\skip99
\algotitleheightrule=\skip100
\c@algocfline=\count328
\c@algocfproc=\count329
\c@algocf=\count330
\algocf@algoframe=\box74
\algocf@algobox=\box75
)
(/opt/homebrew/Cellar/texlive/20250308_1/share/texmf-dist/tex/latex/psnfss/pifo
nt.sty
Package: pifont 2020/03/25 PSNFSS-v9.3 Pi font support (SPQR) 
LaTeX Font Info:    Trying to load font information for U+pzd on input line 63.


(/opt/homebrew/Cellar/texlive/20250308_1/share/texmf-dist/tex/latex/psnfss/upzd
.fd
File: upzd.fd 2001/06/04 font definitions for U/pzd.
)
LaTeX Font Info:    Trying to load font information for U+psy on input line 64.


(/opt/homebrew/Cellar/texlive/20250308_1/share/texmf-dist/tex/latex/psnfss/upsy
.fd
File: upsy.fd 2001/06/04 font definitions for U/psy.
))
(/opt/homebrew/Cellar/texlive/20250308_1/share/texmf-dist/tex/latex/pdfpages/pd
fpages.sty
Package: pdfpages 2025/01/30 v0.6e Insert pages of external PDF documents (AM)

(/opt/homebrew/Cellar/texlive/20250308_1/share/texmf-dist/tex/latex/eso-pic/eso
-pic.sty
Package: eso-pic 2023/05/03 v3.0c eso-pic (RN)
\ESO@tempdima=\dimen279
\ESO@tempdimb=\dimen280

(/opt/homebrew/Cellar/texlive/20250308_1/share/texmf-dist/tex/latex/xcolor/xcol
or.sty
Package: xcolor 2024/09/29 v3.02 LaTeX color extensions (UK)

(/opt/homebrew/Cellar/texlive/20250308_1/share/texmf-dist/tex/latex/graphics-cf
g/color.cfg
File: color.cfg 2016/01/02 v1.6 sample color configuration
)
Package xcolor Info: Driver file: xetex.def on input line 274.

(/opt/homebrew/Cellar/texlive/20250308_1/share/texmf-dist/tex/latex/graphics/ma
thcolor.ltx)
Package xcolor Info: Model `cmy' substituted by `cmy0' on input line 1349.
Package xcolor Info: Model `RGB' extended on input line 1365.
Package xcolor Info: Model `HTML' substituted by `rgb' on input line 1367.
Package xcolor Info: Model `Hsb' substituted by `hsb' on input line 1368.
Package xcolor Info: Model `tHsb' substituted by `hsb' on input line 1369.
Package xcolor Info: Model `HSB' substituted by `hsb' on input line 1370.
Package xcolor Info: Model `Gray' substituted by `gray' on input line 1371.
Package xcolor Info: Model `wave' substituted by `hsb' on input line 1372.
))
\AM@pagewidth=\dimen281
\AM@pageheight=\dimen282
\AM@fboxrule=\dimen283

(/opt/homebrew/Cellar/texlive/20250308_1/share/texmf-dist/tex/latex/pdfpages/pp
xetex.def
File: ppxetex.def 2025/01/30 v0.6e Pdfpages driver for XeTeX (AM)
)
\pdfpages@includegraphics@status=\count331
\AM@pagebox=\box76
\AM@global@opts=\toks45
\AM@pagecnt=\count332
\AM@toc@title=\toks46
\AM@lof@heading=\toks47
\c@AM@survey=\count333
\AM@templatesizebox=\box77
)
(/opt/homebrew/Cellar/texlive/20250308_1/share/texmf-dist/tex/latex/fancyhdr/fa
ncyhdr.sty
Package: fancyhdr 2025/02/07 v5.2 Extensive control of page headers and footers

\f@nch@headwidth=\skip101
\f@nch@offset@elh=\skip102
\f@nch@offset@erh=\skip103
\f@nch@offset@olh=\skip104
\f@nch@offset@orh=\skip105
\f@nch@offset@elf=\skip106
\f@nch@offset@erf=\skip107
\f@nch@offset@olf=\skip108
\f@nch@offset@orf=\skip109
\f@nch@height=\skip110
\f@nch@footalignment=\skip111
\f@nch@widthL=\skip112
\f@nch@widthC=\skip113
\f@nch@widthR=\skip114
\@temptokenb=\toks48
)
(/opt/homebrew/Cellar/texlive/20250308_1/share/texmf-dist/tex/latex/emptypage/e
mptypage.sty
Package: emptypage 2010/05/30 v1.2 Suppress page numbers and headings on empty 
pages
)
(/opt/homebrew/Cellar/texlive/20250308_1/share/texmf-dist/tex/latex/footmisc/fo
otmisc.sty
Package: footmisc 2024/12/24 v6.0g a miscellany of footnote facilities
\FN@temptoken=\toks49
\footnotemargin=\dimen284
\@outputbox@depth=\dimen285

(/opt/homebrew/Cellar/texlive/20250308_1/share/texmf-dist/tex/latex/bigfoot/per
page.sty
Package: perpage 2014/10/25 2.0 Reset/sort counters per page
\c@abspage=\count334
)
\c@pp@a@footnote=\count335
Package footmisc Info: Declaring symbol style bringhurst on input line 699.
Package footmisc Info: Declaring symbol style chicago on input line 707.
Package footmisc Info: Declaring symbol style wiley on input line 716.
Package footmisc Info: Declaring symbol style lamport-robust on input line 727.

Package footmisc Info: Declaring symbol style lamport* on input line 747.
Package footmisc Info: Declaring symbol style lamport*-robust on input line 768
.
)
(/opt/homebrew/Cellar/texlive/20250308_1/share/texmf-dist/tex/latex/float/float
.sty
Package: float 2001/11/08 v1.3d Float enhancements (AL)
\c@float@type=\count336
\float@exts=\toks50
\float@box=\box78
\@float@everytoks=\toks51
\@floatcapt=\box79
)
(/opt/homebrew/Cellar/texlive/20250308_1/share/texmf-dist/tex/latex/biblatex/bi
blatex.sty
Package: biblatex 2024/03/21 v3.20 programmable bibliographies (PK/MW)

(/opt/homebrew/Cellar/texlive/20250308_1/share/texmf-dist/tex/generic/pdftexcmd
s/pdftexcmds.sty
Package: pdftexcmds 2020-06-27 v0.33 Utility functions of pdfTeX for LuaTeX (HO
)

(/opt/homebrew/Cellar/texlive/20250308_1/share/texmf-dist/tex/generic/infwarerr
/infwarerr.sty
Package: infwarerr 2019/12/03 v1.5 Providing info/warning/error messages (HO)
)
Package pdftexcmds Info: \pdf@primitive is available.
Package pdftexcmds Info: \pdf@ifprimitive is available.
Package pdftexcmds Info: \pdfdraftmode not found.
)
(/opt/homebrew/Cellar/texlive/20250308_1/share/texmf-dist/tex/latex/logreq/logr
eq.sty
Package: logreq 2010/08/04 v1.0 xml request logger
\lrq@indent=\count337

(/opt/homebrew/Cellar/texlive/20250308_1/share/texmf-dist/tex/latex/logreq/logr
eq.def
File: logreq.def 2010/08/04 v1.0 logreq spec v1.0
))
(/opt/homebrew/Cellar/texlive/20250308_1/share/texmf-dist/tex/latex/url/url.sty
\Urlmuskip=\muskip18
Package: url 2013/09/16  ver 3.4  Verb mode for urls, etc.
)
\c@tabx@nest=\count338
\c@listtotal=\count339
\c@listcount=\count340
\c@liststart=\count341
\c@liststop=\count342
\c@citecount=\count343
\c@citetotal=\count344
\c@multicitecount=\count345
\c@multicitetotal=\count346
\c@instcount=\count347
\c@maxnames=\count348
\c@minnames=\count349
\c@maxitems=\count350
\c@minitems=\count351
\c@citecounter=\count352
\c@maxcitecounter=\count353
\c@savedcitecounter=\count354
\c@uniquelist=\count355
\c@uniquename=\count356
\c@refsection=\count357
\c@refsegment=\count358
\c@maxextratitle=\count359
\c@maxextratitleyear=\count360
\c@maxextraname=\count361
\c@maxextradate=\count362
\c@maxextraalpha=\count363
\c@abbrvpenalty=\count364
\c@highnamepenalty=\count365
\c@lownamepenalty=\count366
\c@maxparens=\count367
\c@parenlevel=\count368
\blx@tempcnta=\count369
\blx@tempcntb=\count370
\blx@tempcntc=\count371
\c@blx@maxsection=\count372
\blx@maxsegment@0=\count373
\blx@notetype=\count374
\blx@parenlevel@text=\count375
\blx@parenlevel@foot=\count376
\blx@sectionciteorder@0=\count377
\blx@sectionciteorderinternal@0=\count378
\blx@entrysetcounter=\count379
\blx@biblioinstance=\count380
\labelnumberwidth=\skip115
\labelalphawidth=\skip116
\biblabelsep=\skip117
\bibitemsep=\skip118
\bibnamesep=\skip119
\bibinitsep=\skip120
\bibparsep=\skip121
\bibhang=\skip122
\blx@bcfin=\read2
\blx@bcfout=\write3
\blx@langwohyphens=\language90
\c@mincomprange=\count381
\c@maxcomprange=\count382
\c@mincompwidth=\count383
Package biblatex Info: Trying to load biblatex default data model...
Package biblatex Info: ... file 'blx-dm.def' found.

(/opt/homebrew/Cellar/texlive/20250308_1/share/texmf-dist/tex/latex/biblatex/bl
x-dm.def
File: blx-dm.def 2024/03/21 v3.20 biblatex datamodel (PK/MW)
)
Package biblatex Info: Trying to load biblatex style data model...
Package biblatex Info: ... file 'gb7714-2015.dbx' not found.
Package biblatex Info: Trying to load biblatex custom data model...
Package biblatex Info: ... file 'biblatex-dm.cfg' not found.
\c@afterword=\count384
\c@savedafterword=\count385
\c@annotator=\count386
\c@savedannotator=\count387
\c@author=\count388
\c@savedauthor=\count389
\c@bookauthor=\count390
\c@savedbookauthor=\count391
\c@commentator=\count392
\c@savedcommentator=\count393
\c@editor=\count394
\c@savededitor=\count395
\c@editora=\count396
\c@savededitora=\count397
\c@editorb=\count398
\c@savededitorb=\count399
\c@editorc=\count400
\c@savededitorc=\count401
\c@foreword=\count402
\c@savedforeword=\count403
\c@holder=\count404
\c@savedholder=\count405
\c@introduction=\count406
\c@savedintroduction=\count407
\c@namea=\count408
\c@savednamea=\count409
\c@nameb=\count410
\c@savednameb=\count411
\c@namec=\count412
\c@savednamec=\count413
\c@translator=\count414
\c@savedtranslator=\count415
\c@shortauthor=\count416
\c@savedshortauthor=\count417
\c@shorteditor=\count418
\c@savedshorteditor=\count419
\c@labelname=\count420
\c@savedlabelname=\count421
\c@institution=\count422
\c@savedinstitution=\count423
\c@lista=\count424
\c@savedlista=\count425
\c@listb=\count426
\c@savedlistb=\count427
\c@listc=\count428
\c@savedlistc=\count429
\c@listd=\count430
\c@savedlistd=\count431
\c@liste=\count432
\c@savedliste=\count433
\c@listf=\count434
\c@savedlistf=\count435
\c@location=\count436
\c@savedlocation=\count437
\c@organization=\count438
\c@savedorganization=\count439
\c@origlocation=\count440
\c@savedoriglocation=\count441
\c@origpublisher=\count442
\c@savedorigpublisher=\count443
\c@publisher=\count444
\c@savedpublisher=\count445
\c@language=\count446
\c@savedlanguage=\count447
\c@origlanguage=\count448
\c@savedoriglanguage=\count449
\c@pageref=\count450
\c@savedpageref=\count451
\shorthandwidth=\skip123
\shortjournalwidth=\skip124
\shortserieswidth=\skip125
\shorttitlewidth=\skip126
\shortauthorwidth=\skip127
\shorteditorwidth=\skip128
\locallabelnumberwidth=\skip129
\locallabelalphawidth=\skip130
\localshorthandwidth=\skip131
\localshortjournalwidth=\skip132
\localshortserieswidth=\skip133
\localshorttitlewidth=\skip134
\localshortauthorwidth=\skip135
\localshorteditorwidth=\skip136
Package biblatex Info: Trying to load enhanced support for Unicode engines...
Package biblatex Info: ... file 'blx-unicode.def' found.

(/opt/homebrew/Cellar/texlive/20250308_1/share/texmf-dist/tex/latex/biblatex/bl
x-unicode.def)
Package biblatex Info: Trying to load compatibility code...
Package biblatex Info: ... file 'blx-compat.def' found.

(/opt/homebrew/Cellar/texlive/20250308_1/share/texmf-dist/tex/latex/biblatex/bl
x-compat.def
File: blx-compat.def 2024/03/21 v3.20 biblatex compatibility (PK/MW)
)
Package biblatex Info: Trying to load generic definitions...
Package biblatex Info: ... file 'biblatex.def' found.

(/opt/homebrew/Cellar/texlive/20250308_1/share/texmf-dist/tex/latex/biblatex/bi
blatex.def
File: biblatex.def 2024/03/21 v3.20 biblatex compatibility (PK/MW)
\c@textcitecount=\count452
\c@textcitetotal=\count453
\c@textcitemaxnames=\count454
\c@biburlbigbreakpenalty=\count455
\c@biburlbreakpenalty=\count456
\c@biburlnumpenalty=\count457
\c@biburlucpenalty=\count458
\c@biburllcpenalty=\count459
\biburlbigskip=\muskip19
\biburlnumskip=\muskip20
\biburlucskip=\muskip21
\biburllcskip=\muskip22
\c@smartand=\count460
)
Package biblatex Info: Trying to load bibliography style 'gb7714-2015'...
Package biblatex Info: ... file 'gb7714-2015.bbx' found.

(/opt/homebrew/Cellar/texlive/20250308_1/share/texmf-dist/tex/latex/biblatex-gb
7714-2015/gb7714-2015.bbx
File: gb7714-2015.bbx 2025/03/03 v1.1tbiblatex bibliography style
Package biblatex Info: Trying to load bibliography style 'numeric-comp'...
Package biblatex Info: ... file 'numeric-comp.bbx' found.

(/opt/homebrew/Cellar/texlive/20250308_1/share/texmf-dist/tex/latex/biblatex/bb
x/numeric-comp.bbx
File: numeric-comp.bbx 2024/03/21 v3.20 biblatex bibliography style (PK/MW)
Package biblatex Info: Trying to load bibliography style 'numeric'...
Package biblatex Info: ... file 'numeric.bbx' found.

(/opt/homebrew/Cellar/texlive/20250308_1/share/texmf-dist/tex/latex/biblatex/bb
x/numeric.bbx
File: numeric.bbx 2024/03/21 v3.20 biblatex bibliography style (PK/MW)
Package biblatex Info: Trying to load bibliography style 'standard'...
Package biblatex Info: ... file 'standard.bbx' found.

(/opt/homebrew/Cellar/texlive/20250308_1/share/texmf-dist/tex/latex/biblatex/bb
x/standard.bbx
File: standard.bbx 2024/03/21 v3.20 biblatex bibliography style (PK/MW)
\c@bbx:relatedcount=\count461
\c@bbx:relatedtotal=\count462
)))
\BracketLift=\skip137
\footbibmargin=\skip138
\footbiblabelsep=\skip139
\c@gbnamefmtcase=\count463
\c@gbalignlabel=\count464
\c@gbcitelocalcase=\count465
\c@gbbiblocalcase=\count466
\c@lanordernum=\count467
\bibitemindent=\skip140
\biblabelextend=\skip141
Package biblatex Info: Delimiter 'finalnamedelim' in context '' already defined
, overwriting.
)
Package biblatex Info: Trying to load citation style 'gb7714-2015'...
Package biblatex Info: ... file 'gb7714-2015.cbx' found.

(/opt/homebrew/Cellar/texlive/20250308_1/share/texmf-dist/tex/latex/biblatex-gb
7714-2015/gb7714-2015.cbx
File: gb7714-2015.cbx a biblatex citation style for GB/T 7714-2015
Package biblatex Info: Trying to load citation style 'numeric-comp'...
Package biblatex Info: ... file 'numeric-comp.cbx' found.

(/opt/homebrew/Cellar/texlive/20250308_1/share/texmf-dist/tex/latex/biblatex/cb
x/numeric-comp.cbx
File: numeric-comp.cbx 2024/03/21 v3.20 biblatex citation style (PK/MW)
\c@cbx@tempcnta=\count468
\c@cbx@tempcntb=\count469
\c@cbx@tempcntc=\count470
\c@cbx@tempcntd=\count471
Package biblatex Info: Redefining '\cite'.
Package biblatex Info: Redefining '\parencite'.
Package biblatex Info: Redefining '\footcite'.
Package biblatex Info: Redefining '\footcitetext'.
Package biblatex Info: Redefining '\smartcite'.
Package biblatex Info: Redefining '\supercite'.
Package biblatex Info: Redefining '\textcite'.
Package biblatex Info: Redefining '\textcites'.
Package biblatex Info: Redefining '\cites'.
Package biblatex Info: Redefining '\parencites'.
Package biblatex Info: Redefining '\smartcites'.
)
\c@gbrefcompress=\count472
Package biblatex Info: Redefining '\cite'.
Package biblatex Info: Redefining '\parencite'.
Package biblatex Info: Redefining '\cbx@textcite'.
)
Package biblatex Info: Trying to load configuration file...
Package biblatex Info: ... file 'biblatex.cfg' found.

(/opt/homebrew/Cellar/texlive/20250308_1/share/texmf-dist/tex/latex/biblatex/bi
blatex.cfg
File: biblatex.cfg 
)
Package biblatex Info: XeTeX detected.
(biblatex)             Assuming input encoding 'utf8'.
Package biblatex Info: Document encoding is UTF8 ....
Package biblatex Info: ... and expl3
(biblatex)             2025-01-18 L3 programming layer (loader) 
(biblatex)             is new enough (at least 2020/04/06),
(biblatex)             setting 'casechanger=expl3'.

(/opt/homebrew/Cellar/texlive/20250308_1/share/texmf-dist/tex/latex/biblatex/bl
x-case-expl3.sty
Package: blx-case-expl3 2024/03/21 v3.20 expl3 case changing code for biblatex
))
(/opt/homebrew/Cellar/texlive/20250308_1/share/texmf-dist/tex/latex/hyperref/hy
perref.sty
Package: hyperref 2024-11-05 v7.01l Hypertext links for LaTeX

(/opt/homebrew/Cellar/texlive/20250308_1/share/texmf-dist/tex/generic/kvdefinek
eys/kvdefinekeys.sty
Package: kvdefinekeys 2019-12-19 v1.6 Define keys (HO)
)
(/opt/homebrew/Cellar/texlive/20250308_1/share/texmf-dist/tex/generic/pdfescape
/pdfescape.sty
Package: pdfescape 2019/12/09 v1.15 Implements pdfTeX's escape features (HO)
)
(/opt/homebrew/Cellar/texlive/20250308_1/share/texmf-dist/tex/latex/hycolor/hyc
olor.sty
Package: hycolor 2020-01-27 v1.10 Color options for hyperref/bookmark (HO)
)
(/opt/homebrew/Cellar/texlive/20250308_1/share/texmf-dist/tex/latex/hyperref/na
meref.sty
Package: nameref 2023-11-26 v2.56 Cross-referencing by name of section

(/opt/homebrew/Cellar/texlive/20250308_1/share/texmf-dist/tex/latex/refcount/re
fcount.sty
Package: refcount 2019/12/15 v3.6 Data extraction from label references (HO)
)
(/opt/homebrew/Cellar/texlive/20250308_1/share/texmf-dist/tex/generic/gettitles
tring/gettitlestring.sty
Package: gettitlestring 2019/12/15 v1.6 Cleanup title references (HO)
)
\c@section@level=\count473
)
(/opt/homebrew/Cellar/texlive/20250308_1/share/texmf-dist/tex/generic/stringenc
/stringenc.sty
Package: stringenc 2019/11/29 v1.12 Convert strings between diff. encodings (HO
)
)
\@linkdim=\dimen286
\Hy@linkcounter=\count474
\Hy@pagecounter=\count475

(/opt/homebrew/Cellar/texlive/20250308_1/share/texmf-dist/tex/latex/hyperref/pd
1enc.def
File: pd1enc.def 2024-11-05 v7.01l Hyperref: PDFDocEncoding definition (HO)
)
(/opt/homebrew/Cellar/texlive/20250308_1/share/texmf-dist/tex/generic/intcalc/i
ntcalc.sty
Package: intcalc 2019/12/15 v1.3 Expandable calculations with integers (HO)
)
\Hy@SavedSpaceFactor=\count476

(/opt/homebrew/Cellar/texlive/20250308_1/share/texmf-dist/tex/latex/hyperref/pu
enc.def
File: puenc.def 2024-11-05 v7.01l Hyperref: PDF Unicode definition (HO)
)
Package hyperref Info: Option `unicode' set `true' on input line 4040.
Package hyperref Info: Hyper figures OFF on input line 4157.
Package hyperref Info: Link nesting OFF on input line 4162.
Package hyperref Info: Hyper index ON on input line 4165.
Package hyperref Info: Plain pages OFF on input line 4172.
Package hyperref Info: Backreferencing OFF on input line 4177.
Package hyperref Info: Implicit mode ON; LaTeX internals redefined.
Package hyperref Info: Bookmarks ON on input line 4424.
\c@Hy@tempcnt=\count477
LaTeX Info: Redefining \url on input line 4763.
\XeTeXLinkMargin=\dimen287

(/opt/homebrew/Cellar/texlive/20250308_1/share/texmf-dist/tex/generic/bitset/bi
tset.sty
Package: bitset 2019/12/09 v1.3 Handle bit-vector datatype (HO)

(/opt/homebrew/Cellar/texlive/20250308_1/share/texmf-dist/tex/generic/bigintcal
c/bigintcalc.sty
Package: bigintcalc 2019/12/15 v1.5 Expandable calculations on big integers (HO
)
))
\Fld@menulength=\count478
\Field@Width=\dimen288
\Fld@charsize=\dimen289
Package hyperref Info: Hyper figures OFF on input line 6042.
Package hyperref Info: Link nesting OFF on input line 6047.
Package hyperref Info: Hyper index ON on input line 6050.
Package hyperref Info: backreferencing OFF on input line 6057.
Package hyperref Info: Link coloring OFF on input line 6062.
Package hyperref Info: Link coloring with OCG OFF on input line 6067.
Package hyperref Info: PDF/A mode OFF on input line 6072.

(/opt/homebrew/Cellar/texlive/20250308_1/share/texmf-dist/tex/latex/base/atbegs
hi-ltx.sty
Package: atbegshi-ltx 2021/01/10 v1.0c Emulation of the original atbegshi
package with kernel methods
)
\Hy@abspage=\count479
\c@Item=\count480
\c@Hfootnote=\count481
)
Package hyperref Info: Driver (autodetected): hxetex.

(/opt/homebrew/Cellar/texlive/20250308_1/share/texmf-dist/tex/latex/hyperref/hx
etex.def
File: hxetex.def 2024-11-05 v7.01l Hyperref driver for XeTeX
\pdfm@box=\box80
\c@Hy@AnnotLevel=\count482
\HyField@AnnotCount=\count483
\Fld@listcount=\count484
\c@bookmark@seq@number=\count485

(/opt/homebrew/Cellar/texlive/20250308_1/share/texmf-dist/tex/latex/rerunfilech
eck/rerunfilecheck.sty
Package: rerunfilecheck 2022-07-10 v1.10 Rerun checks for auxiliary files (HO)

(/opt/homebrew/Cellar/texlive/20250308_1/share/texmf-dist/tex/latex/base/atvery
end-ltx.sty
Package: atveryend-ltx 2020/08/19 v1.0a Emulation of the original atveryend pac
kage
with kernel methods
)
(/opt/homebrew/Cellar/texlive/20250308_1/share/texmf-dist/tex/generic/uniquecou
nter/uniquecounter.sty
Package: uniquecounter 2019/12/15 v1.4 Provide unlimited unique counter (HO)
)
Package uniquecounter Info: New unique counter `rerunfilecheck' on input line 2
85.
)
\Hy@SectionHShift=\skip142
)
Package hyperref Info: Option `CJKbookmarks' set `true' on input line 231.
Package hyperref Info: Option `bookmarksnumbered' set `true' on input line 246.

Package hyperref Info: Option `bookmarksopen' set `true' on input line 246.
Package hyperref Info: Option `breaklinks' set `true' on input line 246.
Package hyperref Info: Option `colorlinks' set `false' on input line 246.
Package hyperref Info: Option `plainpages' set `false' on input line 246.

(/opt/homebrew/Cellar/texlive/20250308_1/share/texmf-dist/tex/latex/geometry/ge
ometry.sty
Package: geometry 2020/01/02 v5.9 Page Geometry

(/opt/homebrew/Cellar/texlive/20250308_1/share/texmf-dist/tex/generic/iftex/ifv
tex.sty
Package: ifvtex 2019/10/25 v1.7 ifvtex legacy package. Use iftex instead.
)
\Gm@cnth=\count486
\Gm@cntv=\count487
\c@Gm@tempcnt=\count488
\Gm@bindingoffset=\dimen290
\Gm@wd@mp=\dimen291
\Gm@odd@mp=\dimen292
\Gm@even@mp=\dimen293
\Gm@layoutwidth=\dimen294
\Gm@layoutheight=\dimen295
\Gm@layouthoffset=\dimen296
\Gm@layoutvoffset=\dimen297
\Gm@dimlist=\toks52
)
\c@tongji@bookmark=\count489

(/opt/homebrew/Cellar/texlive/20250308_1/share/texmf-dist/tex/latex/titlesec/ti
tletoc.sty
Package: titletoc 2025/01/04 v2.17 TOC entries
\ttl@leftsep=\dimen298
)
\enitdp@tongji@denotation=\count490
\tongji@title@width=\skip143
\c@mathversioncount=\count491
\c@substitutecount=\count492
) (./tongjithesis.cfg
File: tongjithesis.cfg 2018/02/15 2.0 Tongji University Thesis Template
\c@currproofctr=\count493
\c@endproofctr=\count494
\c@proof=\count495
\c@currassumptionctr=\count496
\c@endassumptionctr=\count497
\c@assumption=\count498
\c@currdefinitionctr=\count499
\c@enddefinitionctr=\count500
\c@definition=\count501
\c@currpropositionctr=\count502
\c@endpropositionctr=\count503
\c@proposition=\count504
\c@currlemmactr=\count505
\c@endlemmactr=\count506
\c@lemma=\count507
\c@currtheoremctr=\count508
\c@endtheoremctr=\count509
\c@theorem=\count510
\c@curraxiomctr=\count511
\c@endaxiomctr=\count512
\c@axiom=\count513
\c@currcorollaryctr=\count514
\c@endcorollaryctr=\count515
\c@corollary=\count516
\c@currexercisectr=\count517
\c@endexercisectr=\count518
\c@exercise=\count519
\c@currexamplectr=\count520
\c@endexamplectr=\count521
\c@example=\count522
\c@currremarkctr=\count523
\c@endremarkctr=\count524
\c@remark=\count525
\c@currproblemctr=\count526
\c@endproblemctr=\count527
\c@problem=\count528
\c@currconjecturectr=\count529
\c@endconjecturectr=\count530
\c@conjecture=\count531
)
\c@mv@=\count532
LaTeX Font Info:    Redeclaring math version `' on input line 21.
LaTeX Font Info:    Redeclaring math version `' on input line 21.
LaTeX Font Info:    Redeclaring math version `' on input line 21.
LaTeX Font Info:    Redeclaring math version `' on input line 21.
LaTeX Font Info:    Redeclaring math version `' on input line 21.
LaTeX Font Info:    Redeclaring math version `' on input line 21.
LaTeX Font Info:    Redeclaring math version `' on input line 21.
LaTeX Font Info:    Redeclaring math version `' on input line 21.
LaTeX Font Info:    Redeclaring math version `' on input line 21.
LaTeX Font Info:    Redeclaring math version `' on input line 21.
LaTeX Font Info:    Redeclaring math version `' on input line 21.
LaTeX Font Info:    Redeclaring math version `' on input line 21.
LaTeX Font Info:    Redeclaring math version `' on input line 21.
LaTeX Font Info:    Redeclaring math version `' on input line 21.
LaTeX Font Info:    Redeclaring math version `' on input line 21.
LaTeX Font Info:    Redeclaring math version `' on input line 21.
LaTeX Font Info:    Redeclaring math version `' on input line 21.
LaTeX Font Info:    Redeclaring math version `' on input line 21.
LaTeX Font Info:    Redeclaring math version `' on input line 21.
LaTeX Font Info:    Redeclaring math version `' on input line 21.
LaTeX Font Info:    Redeclaring math version `' on input line 21.
LaTeX Font Info:    Redeclaring math version `' on input line 21.
LaTeX Font Info:    Redeclaring math version `' on input line 21.
LaTeX Font Info:    Redeclaring math version `' on input line 21.
LaTeX Font Info:    Redeclaring math version `' on input line 21.
LaTeX Font Info:    Redeclaring math version `' on input line 21.
LaTeX Font Info:    Redeclaring math version `' on input line 21.
LaTeX Font Info:    Redeclaring math version `' on input line 21.
LaTeX Font Info:    Redeclaring math version `' on input line 21.
LaTeX Font Info:    Redeclaring math version `' on input line 21.
LaTeX Font Info:    Redeclaring math version `' on input line 21.
LaTeX Font Info:    Redeclaring math version `' on input line 21.
LaTeX Font Info:    Redeclaring math version `' on input line 21.
LaTeX Font Info:    Redeclaring math version `' on input line 21.
LaTeX Font Info:    Redeclaring math version `' on input line 21.
LaTeX Font Info:    Redeclaring math version `' on input line 21.
LaTeX Font Info:    Redeclaring math version `' on input line 21.
LaTeX Font Info:    Redeclaring math version `' on input line 21.
LaTeX Font Info:    Redeclaring math version `' on input line 21.
LaTeX Font Info:    Redeclaring math version `' on input line 21.
LaTeX Font Info:    Redeclaring math version `' on input line 21.
LaTeX Font Info:    Redeclaring math version `' on input line 21.
LaTeX Font Info:    Redeclaring math version `' on input line 21.
LaTeX Font Info:    Redeclaring math version `' on input line 21.
LaTeX Font Info:    Redeclaring math version `' on input line 21.
LaTeX Font Info:    Redeclaring math version `' on input line 21.
LaTeX Font Info:    Redeclaring math version `' on input line 21.
LaTeX Font Info:    Redeclaring math version `' on input line 21.
LaTeX Font Info:    Redeclaring math version `' on input line 21.
LaTeX Font Info:    Redeclaring math version `' on input line 21.
LaTeX Font Info:    Redeclaring math version `' on input line 21.
LaTeX Font Info:    Redeclaring math version `' on input line 21.
LaTeX Font Info:    Redeclaring math version `' on input line 21.
LaTeX Font Info:    Redeclaring math version `' on input line 21.
LaTeX Font Info:    Redeclaring math version `' on input line 21.
LaTeX Font Info:    Redeclaring math version `' on input line 21.
LaTeX Font Info:    Redeclaring math version `' on input line 21.
LaTeX Font Info:    Redeclaring math version `' on input line 21.
LaTeX Font Info:    Redeclaring math version `' on input line 21.
LaTeX Font Info:    Redeclaring math version `' on input line 21.
LaTeX Font Info:    Redeclaring math version `' on input line 21.
LaTeX Font Info:    Redeclaring math version `' on input line 21.
LaTeX Font Info:    Redeclaring math version `' on input line 21.
LaTeX Font Info:    Redeclaring math version `' on input line 21.
LaTeX Font Info:    Redeclaring math version `' on input line 21.
LaTeX Font Info:    Redeclaring math version `' on input line 21.
LaTeX Font Info:    Redeclaring math version `' on input line 21.
LaTeX Font Info:    Redeclaring math version `' on input line 21.
LaTeX Font Info:    Redeclaring math version `' on input line 21.
LaTeX Font Info:    Redeclaring math version `' on input line 21.
LaTeX Font Info:    Redeclaring math version `' on input line 21.
LaTeX Font Info:    Redeclaring math version `' on input line 21.
LaTeX Font Info:    Redeclaring math version `' on input line 21.
LaTeX Font Info:    Redeclaring math version `' on input line 21.
LaTeX Font Info:    Redeclaring math version `' on input line 21.
LaTeX Font Info:    Redeclaring math version `' on input line 21.
LaTeX Font Info:    Redeclaring math version `' on input line 21.
LaTeX Font Info:    Redeclaring math version `' on input line 21.
LaTeX Font Info:    Redeclaring math version `' on input line 21.
LaTeX Font Info:    Redeclaring math version `' on input line 21.
LaTeX Font Info:    Redeclaring math version `' on input line 21.
LaTeX Font Info:    Redeclaring math version `' on input line 21.
LaTeX Font Info:    Redeclaring math version `' on input line 21.
LaTeX Font Info:    Redeclaring math version `' on input line 21.
LaTeX Font Info:    Redeclaring math version `' on input line 21.
LaTeX Font Info:    Redeclaring math version `' on input line 21.
LaTeX Font Info:    Redeclaring math version `' on input line 21.
LaTeX Font Info:    Redeclaring math version `' on input line 21.
LaTeX Font Info:    Redeclaring math version `' on input line 21.
LaTeX Font Info:    Redeclaring math version `' on input line 21.
LaTeX Font Info:    Redeclaring math version `' on input line 21.
LaTeX Font Info:    Redeclaring math version `' on input line 21.
LaTeX Font Info:    Redeclaring math version `' on input line 21.
LaTeX Font Info:    Redeclaring math version `' on input line 21.
LaTeX Font Info:    Redeclaring math version `' on input line 21.
LaTeX Font Info:    Redeclaring math version `' on input line 21.
LaTeX Font Info:    Redeclaring math version `' on input line 21.
LaTeX Font Info:    Redeclaring math version `' on input line 21.
 (./tongjiutils.sty
Package: tongjiutils modified by WYQY

(/opt/homebrew/Cellar/texlive/20250308_1/share/texmf-dist/tex/latex/mathtools/e
mpheq.sty
Package: empheq 2024/08/09 v2.17 Emphasizing equations
\l_EQ_equationtype_int=\count533
\l_EQ_alignmentmode_int=\count534
\l_EQ_totalwidth_dim=\dimen299
\l_EQ_displaywidth_dim=\dimen300
\l_EQ_temp_linewidth_dim=\dimen301
\l_EQ_linewidth_dim=\dimen302
\EmphEqdelimitershortfall=\dimen303
\EmphEqdelimiterfactor=\count535
\g_EQ_toptag_height_dim=\dimen304
\g_EQ_bottomtag_depth_dim=\dimen305
\g_EQ_toprow_height_dim=\dimen306
\g_EQ_bottomrow_depth_dim=\dimen307
\g_EQ_widesttag_dim=\dimen308
\EQ_mathdisplay_box=\box81
\EQ_tag_box=\box82
\g_EQ_temprow_int=\count536
\mintagvsep=\skip144
)
(/opt/homebrew/Cellar/texlive/20250308_1/share/texmf-dist/tex/latex/cases/cases
.sty
Package: cases 2020/03/29 ver 3.2
\numc@numwid=\dimen309
)
(/opt/homebrew/Cellar/texlive/20250308_1/share/texmf-dist/tex/latex/stackengine
/stackengine.sty
Package: stackengine 2021/07/22 v4.11\ Stacking text and objects in convenient 
ways

(/opt/homebrew/Cellar/texlive/20250308_1/share/texmf-dist/tex/generic/listofite
ms/listofitems.sty
(/opt/homebrew/Cellar/texlive/20250308_1/share/texmf-dist/tex/generic/listofite
ms/listofitems.tex
\loi_cnt_foreach_nest=\count537
\loi_nestcnt=\count538
)
Package: listofitems 2024/03/09 v1.65 Grab items in lists using user-specified 
sep char (CT)
)
\c@@stackindex=\count539
\@boxshift=\skip145
\stack@tmplength=\skip146
\temp@stkl=\skip147
\@stackedboxwidth=\skip148
\@addedbox=\box83
\@anchorbox=\box84
\@insetbox=\box85
\se@backgroundbox=\box86
\stackedbox=\box87
\@centerbox=\box88
\c@ROWcellindex@=\count540
)
(/opt/homebrew/Cellar/texlive/20250308_1/share/texmf-dist/tex/latex/mathalpha/m
athalfa.sty)
(/opt/homebrew/Cellar/texlive/20250308_1/share/texmf-dist/tex/latex/mathalpha/m
athalpha.sty
Package: mathalpha 2025/01/17 - 1.145mathalpha (License LPPL) Michael Sharpe
 `mathalpha' v1.145, 2025/01/17, a renaming of mathalfa (msharpe)
(/opt/homebrew/Cellar/texlive/20250308_1/share/texmf-dist/tex/latex/xkeyval/xke
yval.sty
Package: xkeyval 2022/06/16 v2.9 package option processing (HA)

(/opt/homebrew/Cellar/texlive/20250308_1/share/texmf-dist/tex/generic/xkeyval/x
keyval.tex
(/opt/homebrew/Cellar/texlive/20250308_1/share/texmf-dist/tex/generic/xkeyval/x
kvutils.tex
\XKV@toks=\toks53
\XKV@tempa@toks=\toks54
)
\XKV@depth=\count541
File: xkeyval.tex 2014/12/03 v2.7a key=value parser (HA)
))
LaTeX Font Info:    Redeclaring math alphabet \mathcal on input line 464.
LaTeX Font Info:    Overwriting math alphabet `\mathcal' in version `bold'
(Font)                  U/cmsy/m/n --> U/cmsy/b/n on input line 466.
LaTeX Font Info:    Overwriting math alphabet `\mathscr' in version `bold'
(Font)                  U/boondoxuprs/m/n --> U/boondoxuprs/b/n on input line 1
039.
)
(/opt/homebrew/Cellar/texlive/20250308_1/share/texmf-dist/tex/latex/nicematrix/
nicematrix.sty
(/opt/homebrew/Cellar/texlive/20250308_1/share/texmf-dist/tex/latex/pgf/basicla
yer/pgfcore.sty
(/opt/homebrew/Cellar/texlive/20250308_1/share/texmf-dist/tex/latex/pgf/systeml
ayer/pgfsys.sty
(/opt/homebrew/Cellar/texlive/20250308_1/share/texmf-dist/tex/latex/pgf/utiliti
es/pgfrcs.sty
(/opt/homebrew/Cellar/texlive/20250308_1/share/texmf-dist/tex/generic/pgf/utili
ties/pgfutil-common.tex
\pgfutil@everybye=\toks55
\pgfutil@tempdima=\dimen310
\pgfutil@tempdimb=\dimen311
)
(/opt/homebrew/Cellar/texlive/20250308_1/share/texmf-dist/tex/generic/pgf/utili
ties/pgfutil-latex.def
\pgfutil@abb=\box89
)
(/opt/homebrew/Cellar/texlive/20250308_1/share/texmf-dist/tex/generic/pgf/utili
ties/pgfrcs.code.tex
(/opt/homebrew/Cellar/texlive/20250308_1/share/texmf-dist/tex/generic/pgf/pgf.r
evision.tex)
Package: pgfrcs 2023-01-15 v3.1.10 (3.1.10)
))
(/opt/homebrew/Cellar/texlive/20250308_1/share/texmf-dist/tex/generic/pgf/syste
mlayer/pgfsys.code.tex
Package: pgfsys 2023-01-15 v3.1.10 (3.1.10)

(/opt/homebrew/Cellar/texlive/20250308_1/share/texmf-dist/tex/generic/pgf/utili
ties/pgfkeys.code.tex
\pgfkeys@pathtoks=\toks56
\pgfkeys@temptoks=\toks57

(/opt/homebrew/Cellar/texlive/20250308_1/share/texmf-dist/tex/generic/pgf/utili
ties/pgfkeyslibraryfiltered.code.tex
\pgfkeys@tmptoks=\toks58
))
\pgf@x=\dimen312
\pgf@y=\dimen313
\pgf@xa=\dimen314
\pgf@ya=\dimen315
\pgf@xb=\dimen316
\pgf@yb=\dimen317
\pgf@xc=\dimen318
\pgf@yc=\dimen319
\pgf@xd=\dimen320
\pgf@yd=\dimen321
\w@pgf@writea=\write4
\r@pgf@reada=\read3
\c@pgf@counta=\count542
\c@pgf@countb=\count543
\c@pgf@countc=\count544
\c@pgf@countd=\count545
\t@pgf@toka=\toks59
\t@pgf@tokb=\toks60
\t@pgf@tokc=\toks61
\pgf@sys@id@count=\count546

(/opt/homebrew/Cellar/texlive/20250308_1/share/texmf-dist/tex/generic/pgf/syste
mlayer/pgf.cfg
File: pgf.cfg 2023-01-15 v3.1.10 (3.1.10)
)
Driver file for pgf: pgfsys-xetex.def

(/opt/homebrew/Cellar/texlive/20250308_1/share/texmf-dist/tex/generic/pgf/syste
mlayer/pgfsys-xetex.def
File: pgfsys-xetex.def 2023-01-15 v3.1.10 (3.1.10)

(/opt/homebrew/Cellar/texlive/20250308_1/share/texmf-dist/tex/generic/pgf/syste
mlayer/pgfsys-dvipdfmx.def
File: pgfsys-dvipdfmx.def 2023-01-15 v3.1.10 (3.1.10)

(/opt/homebrew/Cellar/texlive/20250308_1/share/texmf-dist/tex/generic/pgf/syste
mlayer/pgfsys-common-pdf.def
File: pgfsys-common-pdf.def 2023-01-15 v3.1.10 (3.1.10)
)
\pgfsys@objnum=\count547
)))
(/opt/homebrew/Cellar/texlive/20250308_1/share/texmf-dist/tex/generic/pgf/syste
mlayer/pgfsyssoftpath.code.tex
File: pgfsyssoftpath.code.tex 2023-01-15 v3.1.10 (3.1.10)
\pgfsyssoftpath@smallbuffer@items=\count548
\pgfsyssoftpath@bigbuffer@items=\count549
)
(/opt/homebrew/Cellar/texlive/20250308_1/share/texmf-dist/tex/generic/pgf/syste
mlayer/pgfsysprotocol.code.tex
File: pgfsysprotocol.code.tex 2023-01-15 v3.1.10 (3.1.10)
))
(/opt/homebrew/Cellar/texlive/20250308_1/share/texmf-dist/tex/generic/pgf/basic
layer/pgfcore.code.tex
Package: pgfcore 2023-01-15 v3.1.10 (3.1.10)

(/opt/homebrew/Cellar/texlive/20250308_1/share/texmf-dist/tex/generic/pgf/math/
pgfmath.code.tex
(/opt/homebrew/Cellar/texlive/20250308_1/share/texmf-dist/tex/generic/pgf/math/
pgfmathutil.code.tex)
(/opt/homebrew/Cellar/texlive/20250308_1/share/texmf-dist/tex/generic/pgf/math/
pgfmathparser.code.tex
\pgfmath@dimen=\dimen322
\pgfmath@count=\count550
\pgfmath@box=\box90
\pgfmath@toks=\toks62
\pgfmath@stack@operand=\toks63
\pgfmath@stack@operation=\toks64
)
(/opt/homebrew/Cellar/texlive/20250308_1/share/texmf-dist/tex/generic/pgf/math/
pgfmathfunctions.code.tex)
(/opt/homebrew/Cellar/texlive/20250308_1/share/texmf-dist/tex/generic/pgf/math/
pgfmathfunctions.basic.code.tex)
(/opt/homebrew/Cellar/texlive/20250308_1/share/texmf-dist/tex/generic/pgf/math/
pgfmathfunctions.trigonometric.code.tex)
(/opt/homebrew/Cellar/texlive/20250308_1/share/texmf-dist/tex/generic/pgf/math/
pgfmathfunctions.random.code.tex)
(/opt/homebrew/Cellar/texlive/20250308_1/share/texmf-dist/tex/generic/pgf/math/
pgfmathfunctions.comparison.code.tex)
(/opt/homebrew/Cellar/texlive/20250308_1/share/texmf-dist/tex/generic/pgf/math/
pgfmathfunctions.base.code.tex)
(/opt/homebrew/Cellar/texlive/20250308_1/share/texmf-dist/tex/generic/pgf/math/
pgfmathfunctions.round.code.tex)
(/opt/homebrew/Cellar/texlive/20250308_1/share/texmf-dist/tex/generic/pgf/math/
pgfmathfunctions.misc.code.tex)
(/opt/homebrew/Cellar/texlive/20250308_1/share/texmf-dist/tex/generic/pgf/math/
pgfmathfunctions.integerarithmetics.code.tex)
(/opt/homebrew/Cellar/texlive/20250308_1/share/texmf-dist/tex/generic/pgf/math/
pgfmathcalc.code.tex)
(/opt/homebrew/Cellar/texlive/20250308_1/share/texmf-dist/tex/generic/pgf/math/
pgfmathfloat.code.tex
\c@pgfmathroundto@lastzeros=\count551
))
(/opt/homebrew/Cellar/texlive/20250308_1/share/texmf-dist/tex/generic/pgf/math/
pgfint.code.tex)
(/opt/homebrew/Cellar/texlive/20250308_1/share/texmf-dist/tex/generic/pgf/basic
layer/pgfcorepoints.code.tex
File: pgfcorepoints.code.tex 2023-01-15 v3.1.10 (3.1.10)
\pgf@picminx=\dimen323
\pgf@picmaxx=\dimen324
\pgf@picminy=\dimen325
\pgf@picmaxy=\dimen326
\pgf@pathminx=\dimen327
\pgf@pathmaxx=\dimen328
\pgf@pathminy=\dimen329
\pgf@pathmaxy=\dimen330
\pgf@xx=\dimen331
\pgf@xy=\dimen332
\pgf@yx=\dimen333
\pgf@yy=\dimen334
\pgf@zx=\dimen335
\pgf@zy=\dimen336
)
(/opt/homebrew/Cellar/texlive/20250308_1/share/texmf-dist/tex/generic/pgf/basic
layer/pgfcorepathconstruct.code.tex
File: pgfcorepathconstruct.code.tex 2023-01-15 v3.1.10 (3.1.10)
\pgf@path@lastx=\dimen337
\pgf@path@lasty=\dimen338
)
(/opt/homebrew/Cellar/texlive/20250308_1/share/texmf-dist/tex/generic/pgf/basic
layer/pgfcorepathusage.code.tex
File: pgfcorepathusage.code.tex 2023-01-15 v3.1.10 (3.1.10)
\pgf@shorten@end@additional=\dimen339
\pgf@shorten@start@additional=\dimen340
)
(/opt/homebrew/Cellar/texlive/20250308_1/share/texmf-dist/tex/generic/pgf/basic
layer/pgfcorescopes.code.tex
File: pgfcorescopes.code.tex 2023-01-15 v3.1.10 (3.1.10)
\pgfpic=\box91
\pgf@hbox=\box92
\pgf@layerbox@main=\box93
\pgf@picture@serial@count=\count552
)
(/opt/homebrew/Cellar/texlive/20250308_1/share/texmf-dist/tex/generic/pgf/basic
layer/pgfcoregraphicstate.code.tex
File: pgfcoregraphicstate.code.tex 2023-01-15 v3.1.10 (3.1.10)
\pgflinewidth=\dimen341
)
(/opt/homebrew/Cellar/texlive/20250308_1/share/texmf-dist/tex/generic/pgf/basic
layer/pgfcoretransformations.code.tex
File: pgfcoretransformations.code.tex 2023-01-15 v3.1.10 (3.1.10)
\pgf@pt@x=\dimen342
\pgf@pt@y=\dimen343
\pgf@pt@temp=\dimen344
)
(/opt/homebrew/Cellar/texlive/20250308_1/share/texmf-dist/tex/generic/pgf/basic
layer/pgfcorequick.code.tex
File: pgfcorequick.code.tex 2023-01-15 v3.1.10 (3.1.10)
)
(/opt/homebrew/Cellar/texlive/20250308_1/share/texmf-dist/tex/generic/pgf/basic
layer/pgfcoreobjects.code.tex
File: pgfcoreobjects.code.tex 2023-01-15 v3.1.10 (3.1.10)
)
(/opt/homebrew/Cellar/texlive/20250308_1/share/texmf-dist/tex/generic/pgf/basic
layer/pgfcorepathprocessing.code.tex
File: pgfcorepathprocessing.code.tex 2023-01-15 v3.1.10 (3.1.10)
)
(/opt/homebrew/Cellar/texlive/20250308_1/share/texmf-dist/tex/generic/pgf/basic
layer/pgfcorearrows.code.tex
File: pgfcorearrows.code.tex 2023-01-15 v3.1.10 (3.1.10)
\pgfarrowsep=\dimen345
)
(/opt/homebrew/Cellar/texlive/20250308_1/share/texmf-dist/tex/generic/pgf/basic
layer/pgfcoreshade.code.tex
File: pgfcoreshade.code.tex 2023-01-15 v3.1.10 (3.1.10)
\pgf@max=\dimen346
\pgf@sys@shading@range@num=\count553
\pgf@shadingcount=\count554
)
(/opt/homebrew/Cellar/texlive/20250308_1/share/texmf-dist/tex/generic/pgf/basic
layer/pgfcoreimage.code.tex
File: pgfcoreimage.code.tex 2023-01-15 v3.1.10 (3.1.10)
)
(/opt/homebrew/Cellar/texlive/20250308_1/share/texmf-dist/tex/generic/pgf/basic
layer/pgfcoreexternal.code.tex
File: pgfcoreexternal.code.tex 2023-01-15 v3.1.10 (3.1.10)
\pgfexternal@startupbox=\box94
)
(/opt/homebrew/Cellar/texlive/20250308_1/share/texmf-dist/tex/generic/pgf/basic
layer/pgfcorelayers.code.tex
File: pgfcorelayers.code.tex 2023-01-15 v3.1.10 (3.1.10)
)
(/opt/homebrew/Cellar/texlive/20250308_1/share/texmf-dist/tex/generic/pgf/basic
layer/pgfcoretransparency.code.tex
File: pgfcoretransparency.code.tex 2023-01-15 v3.1.10 (3.1.10)
)
(/opt/homebrew/Cellar/texlive/20250308_1/share/texmf-dist/tex/generic/pgf/basic
layer/pgfcorepatterns.code.tex
File: pgfcorepatterns.code.tex 2023-01-15 v3.1.10 (3.1.10)
)
(/opt/homebrew/Cellar/texlive/20250308_1/share/texmf-dist/tex/generic/pgf/basic
layer/pgfcorerdf.code.tex
File: pgfcorerdf.code.tex 2023-01-15 v3.1.10 (3.1.10)
)))
(/opt/homebrew/Cellar/texlive/20250308_1/share/texmf-dist/tex/generic/pgf/modul
es/pgfmoduleshapes.code.tex
File: pgfmoduleshapes.code.tex 2023-01-15 v3.1.10 (3.1.10)
\pgfnodeparttextbox=\box95
)
(/opt/homebrew/Cellar/texlive/20250308_1/share/texmf-dist/tex/latex/l3packages/
l3keys2e/l3keys2e.sty
Package: l3keys2e 2024-08-16 LaTeX2e option processing using LaTeX3 keys
)
Package: nicematrix 2025/03/04 v7.1a Enhanced arrays with the help of PGF/TikZ
\g__nicematrix_env_int=\count555
\g__nicematrix_NiceMatrixBlock_int=\count556
\g__nicematrix_notes_caption_int=\count557
\l__nicematrix_columns_width_dim=\dimen347
\l__nicematrix_col_width_dim=\dimen348
\g__nicematrix_row_total_int=\count558
\g__nicematrix_col_total_int=\count559
\g__nicematrix_last_row_node_int=\count560
\l__nicematrix_key_nb_rows_int=\count561
\g__nicematrix_blocks_wd_dim=\dimen349
\g__nicematrix_blocks_ht_dim=\dimen350
\g__nicematrix_blocks_dp_dim=\dimen351
\l__nicematrix_width_dim=\dimen352
\l__nicematrix_tabular_width_dim=\dimen353
\l__nicematrix_rule_width_dim=\dimen354
\l__nicematrix_old_iRow_int=\count562
\l__nicematrix_old_jCol_int=\count563
\g__nicematrix_total_X_weight_int=\count564
\l__nicematrix_X_columns_dim=\dimen355
\l__nicematrix_x_initial_dim=\dimen356
\l__nicematrix_y_initial_dim=\dimen357
\l__nicematrix_x_final_dim=\dimen358
\l__nicematrix_y_final_dim=\dimen359
\l__nicematrix_tmpc_dim=\dimen360
\l__nicematrix_tmpd_dim=\dimen361
\l__nicematrix_tmpe_dim=\dimen362
\l__nicematrix_tmpf_dim=\dimen363
\g__nicematrix_dp_row_zero_dim=\dimen364
\g__nicematrix_ht_row_zero_dim=\dimen365
\g__nicematrix_ht_row_one_dim=\dimen366
\g__nicematrix_dp_ante_last_row_dim=\dimen367
\g__nicematrix_ht_last_row_dim=\dimen368
\g__nicematrix_dp_last_row_dim=\dimen369
\g__nicematrix_width_last_col_dim=\dimen370
\g__nicematrix_width_first_col_dim=\dimen371
\l__nicematrix_row_min_int=\count565
\l__nicematrix_row_max_int=\count566
\l__nicematrix_col_min_int=\count567
\l__nicematrix_col_max_int=\count568
\l__nicematrix_start_int=\count569
\l__nicematrix_end_int=\count570
\l__nicematrix_local_start_int=\count571
\l__nicematrix_local_end_int=\count572
\g__nicematrix_static_num_of_col_int=\count573
\l__nicematrix_rounded_corners_dim=\dimen372
\l__nicematrix_tab_rounded_corners_dim=\dimen373
\l__nicematrix_offset_dim=\dimen374
\l__nicematrix_line_width_dim=\dimen375
\g__nicematrix_block_box_int=\count574
\l__nicematrix_submatrix_extra_height_dim=\dimen376
\l__nicematrix_submatrix_left_xshift_dim=\dimen377
\l__nicematrix_submatrix_right_xshift_dim=\dimen378
\l__nicematrix_first_row_int=\count575
\l__nicematrix_first_col_int=\count576
\l__nicematrix_last_row_int=\count577
\l__nicematrix_last_col_int=\count578
\c@tabularnote=\count579
\g__nicematrix_tabularnote_int=\count580
\c@nicematrix_draft=\count581
\l__nicematrix_cell_space_top_limit_dim=\dimen379
\l__nicematrix_cell_space_bottom_limit_dim=\dimen380
\l__nicematrix_xdots_inter_dim=\dimen381
\l__nicematrix_xdots_shorten_start_dim=\dimen382
\l__nicematrix_xdots_shorten_end_dim=\dimen383
\l__nicematrix_xdots_radius_dim=\dimen384
\l__nicematrix_notes_above_space_dim=\dimen385
\l__nicematrix_left_margin_dim=\dimen386
\l__nicematrix_right_margin_dim=\dimen387
\l__nicematrix_extra_left_margin_dim=\dimen388
\l__nicematrix_extra_right_margin_dim=\dimen389
\c__nicematrix_max_l_dim=\dimen390
\l__nicematrix_position_int=\count582
\l__nicematrix_multiplicity_int=\count583
\l__nicematrix_brace_yshift_dim=\dimen391
)
(/opt/homebrew/Cellar/texlive/20250308_1/share/texmf-dist/tex/latex/pgf/fronten
dlayer/tikz.sty
(/opt/homebrew/Cellar/texlive/20250308_1/share/texmf-dist/tex/latex/pgf/basicla
yer/pgf.sty
Package: pgf 2023-01-15 v3.1.10 (3.1.10)

(/opt/homebrew/Cellar/texlive/20250308_1/share/texmf-dist/tex/generic/pgf/modul
es/pgfmoduleplot.code.tex
File: pgfmoduleplot.code.tex 2023-01-15 v3.1.10 (3.1.10)
)
(/opt/homebrew/Cellar/texlive/20250308_1/share/texmf-dist/tex/latex/pgf/compati
bility/pgfcomp-version-0-65.sty
Package: pgfcomp-version-0-65 2023-01-15 v3.1.10 (3.1.10)
\pgf@nodesepstart=\dimen392
\pgf@nodesepend=\dimen393
)
(/opt/homebrew/Cellar/texlive/20250308_1/share/texmf-dist/tex/latex/pgf/compati
bility/pgfcomp-version-1-18.sty
Package: pgfcomp-version-1-18 2023-01-15 v3.1.10 (3.1.10)
))
(/opt/homebrew/Cellar/texlive/20250308_1/share/texmf-dist/tex/latex/pgf/utiliti
es/pgffor.sty
(/opt/homebrew/Cellar/texlive/20250308_1/share/texmf-dist/tex/latex/pgf/utiliti
es/pgfkeys.sty
(/opt/homebrew/Cellar/texlive/20250308_1/share/texmf-dist/tex/generic/pgf/utili
ties/pgfkeys.code.tex))
(/opt/homebrew/Cellar/texlive/20250308_1/share/texmf-dist/tex/latex/pgf/math/pg
fmath.sty
(/opt/homebrew/Cellar/texlive/20250308_1/share/texmf-dist/tex/generic/pgf/math/
pgfmath.code.tex))
(/opt/homebrew/Cellar/texlive/20250308_1/share/texmf-dist/tex/generic/pgf/utili
ties/pgffor.code.tex
Package: pgffor 2023-01-15 v3.1.10 (3.1.10)
\pgffor@iter=\dimen394
\pgffor@skip=\dimen395
\pgffor@stack=\toks65
\pgffor@toks=\toks66
))
(/opt/homebrew/Cellar/texlive/20250308_1/share/texmf-dist/tex/generic/pgf/front
endlayer/tikz/tikz.code.tex
Package: tikz 2023-01-15 v3.1.10 (3.1.10)

(/opt/homebrew/Cellar/texlive/20250308_1/share/texmf-dist/tex/generic/pgf/libra
ries/pgflibraryplothandlers.code.tex
File: pgflibraryplothandlers.code.tex 2023-01-15 v3.1.10 (3.1.10)
\pgf@plot@mark@count=\count584
\pgfplotmarksize=\dimen396
)
\tikz@lastx=\dimen397
\tikz@lasty=\dimen398
\tikz@lastxsaved=\dimen399
\tikz@lastysaved=\dimen400
\tikz@lastmovetox=\dimen401
\tikz@lastmovetoy=\dimen402
\tikzleveldistance=\dimen403
\tikzsiblingdistance=\dimen404
\tikz@figbox=\box96
\tikz@figbox@bg=\box97
\tikz@tempbox=\box98
\tikz@tempbox@bg=\box99
\tikztreelevel=\count585
\tikznumberofchildren=\count586
\tikznumberofcurrentchild=\count587
\tikz@fig@count=\count588

(/opt/homebrew/Cellar/texlive/20250308_1/share/texmf-dist/tex/generic/pgf/modul
es/pgfmodulematrix.code.tex
File: pgfmodulematrix.code.tex 2023-01-15 v3.1.10 (3.1.10)
\pgfmatrixcurrentrow=\count589
\pgfmatrixcurrentcolumn=\count590
\pgf@matrix@numberofcolumns=\count591
)
\tikz@expandcount=\count592

(/opt/homebrew/Cellar/texlive/20250308_1/share/texmf-dist/tex/generic/pgf/front
endlayer/tikz/libraries/tikzlibrarytopaths.code.tex
File: tikzlibrarytopaths.code.tex 2023-01-15 v3.1.10 (3.1.10)
)))
(/opt/homebrew/Cellar/texlive/20250308_1/share/texmf-dist/tex/generic/pgf/libra
ries/pgflibraryarrows.meta.code.tex
File: pgflibraryarrows.meta.code.tex 2023-01-15 v3.1.10 (3.1.10)
\pgfarrowinset=\dimen405
\pgfarrowlength=\dimen406
\pgfarrowwidth=\dimen407
\pgfarrowlinewidth=\dimen408
)
(/opt/homebrew/Cellar/texlive/20250308_1/share/texmf-dist/tex/generic/pgf/front
endlayer/tikz/libraries/tikzlibraryquotes.code.tex
File: tikzlibraryquotes.code.tex 2023-01-15 v3.1.10 (3.1.10)
)
(/opt/homebrew/Cellar/texlive/20250308_1/share/texmf-dist/tex/generic/pgf/front
endlayer/tikz/libraries/tikzlibraryfit.code.tex
File: tikzlibraryfit.code.tex 2023-01-15 v3.1.10 (3.1.10)
)
(/opt/homebrew/Cellar/texlive/20250308_1/share/texmf-dist/tex/generic/pgf/front
endlayer/tikz/libraries/tikzlibrarycalc.code.tex
File: tikzlibrarycalc.code.tex 2023-01-15 v3.1.10 (3.1.10)
)
(/opt/homebrew/Cellar/texlive/20250308_1/share/texmf-dist/tex/generic/pgf/front
endlayer/tikz/libraries/tikzlibrarypositioning.code.tex
File: tikzlibrarypositioning.code.tex 2023-01-15 v3.1.10 (3.1.10)
)
(/opt/homebrew/Cellar/texlive/20250308_1/share/texmf-dist/tex/generic/pgf/front
endlayer/tikz/libraries/tikzlibrarybackgrounds.code.tex
File: tikzlibrarybackgrounds.code.tex 2023-01-15 v3.1.10 (3.1.10)
\pgf@layerbox@background=\box100
\pgf@layerboxsaved@background=\box101
)
(/opt/homebrew/Cellar/texlive/20250308_1/share/texmf-dist/tex/latex/multirow/mu
ltirow.sty
Package: multirow 2024/11/12 v2.9 Span multiple rows of a table
\multirow@colwidth=\skip149
\multirow@cntb=\count593
\multirow@dima=\skip150
\bigstrutjot=\dimen409
)
(/opt/homebrew/Cellar/texlive/20250308_1/share/texmf-dist/tex/latex/makecell/ma
kecell.sty
Package: makecell 2009/08/03 V0.1e Managing of Tab Column Heads and Cells
\rotheadsize=\dimen410
\c@nlinenum=\count594
\TeXr@lab=\toks67
)
(/opt/homebrew/Cellar/texlive/20250308_1/share/texmf-dist/tex/latex/diagbox/dia
gbox.sty
Package: diagbox 2020/02/09 v2.3 Making table heads with diagonal lines

(/opt/homebrew/Cellar/texlive/20250308_1/share/texmf-dist/tex/latex/pict2e/pict
2e.sty
Package: pict2e 2020/09/30 v0.4b Improved picture commands (HjG,RN,JT)

(/opt/homebrew/Cellar/texlive/20250308_1/share/texmf-dist/tex/latex/pict2e/pict
2e.cfg
File: pict2e.cfg 2016/02/05 v0.1u pict2e configuration for teTeX/TeXLive
)
Package pict2e Info: Driver file: xetex.def on input line 112.
Package pict2e Info: Driver file for pict2e: p2e-xetex.def on input line 114.

(/opt/homebrew/Cellar/texlive/20250308_1/share/texmf-dist/tex/latex/pict2e/p2e-
xetex.def
File: p2e-xetex.def 2016/02/05 v0.1u Driver-dependant file (RN,HjG,JT)
)
\pIIe@GRAPH=\toks68
\@arclen=\dimen411
\@arcrad=\dimen412
\pIIe@tempdima=\dimen413
\pIIe@tempdimb=\dimen414
\pIIe@tempdimc=\dimen415
\pIIe@tempdimd=\dimen416
\pIIe@tempdime=\dimen417
\pIIe@tempdimf=\dimen418
)
\diagbox@boxa=\box102
\diagbox@boxb=\box103
\diagbox@boxm=\box104
\diagbox@wd=\dimen419
\diagbox@ht=\dimen420
\diagbox@insepl=\dimen421
\diagbox@insepr=\dimen422
\diagbox@outsepl=\dimen423
\diagbox@outsepr=\dimen424
)
(/opt/homebrew/Cellar/texlive/20250308_1/share/texmf-dist/tex/latex/tools/tabul
arx.sty
Package: tabularx 2023/12/11 v2.12a `tabularx' package (DPC)
\TX@col@width=\dimen425
\TX@old@table=\dimen426
\TX@old@col=\dimen427
\TX@target=\dimen428
\TX@delta=\dimen429
\TX@cols=\count595
\TX@ftn=\toks69
)
(/opt/homebrew/Cellar/texlive/20250308_1/share/texmf-dist/tex/latex/threepartta
ble/threeparttable.sty
Package: threeparttable 2003/06/13  v 3.0
\@tempboxb=\box105
)
(/opt/homebrew/Cellar/texlive/20250308_1/share/texmf-dist/tex/latex/tools/longt
able.sty
Package: longtable 2024-10-27 v4.22 Multi-page Table package (DPC)
\LTleft=\skip151
\LTright=\skip152
\LTpre=\skip153
\LTpost=\skip154
\LTchunksize=\count596
\LTcapwidth=\dimen430
\LT@head=\box106
\LT@firsthead=\box107
\LT@foot=\box108
\LT@lastfoot=\box109
\LT@gbox=\box110
\LT@cols=\count597
\LT@rows=\count598
\c@LT@tables=\count599
\c@LT@chunks=\count600
\LT@p@ftn=\toks70
)
(/opt/homebrew/Cellar/texlive/20250308_1/share/texmf-dist/tex/latex/supertabula
r/supertabular.sty
Package: supertabular 2024/07/20 v4.2c the supertabular environment
\c@tracingst=\count601
\ST@wd=\dimen431
\ST@rightskip=\skip155
\ST@leftskip=\skip156
\ST@parfillskip=\skip157
\ST@pageleft=\dimen432
\ST@headht=\dimen433
\ST@tailht=\dimen434
\ST@pagesofar=\dimen435
\ST@pboxht=\dimen436
\ST@rowht=\dimen437
\ST@prevht=\dimen438
\ST@toadd=\dimen439
\ST@dimen=\dimen440
\ST@pbox=\box111
)
(/opt/homebrew/Cellar/texlive/20250308_1/share/texmf-dist/tex/latex/booktabs/bo
oktabs.sty
Package: booktabs 2020/01/12 v1.61803398 Publication quality tables
\heavyrulewidth=\dimen441
\lightrulewidth=\dimen442
\cmidrulewidth=\dimen443
\belowrulesep=\dimen444
\belowbottomsep=\dimen445
\aboverulesep=\dimen446
\abovetopsep=\dimen447
\cmidrulesep=\dimen448
\cmidrulekern=\dimen449
\defaultaddspace=\dimen450
\@cmidla=\count602
\@cmidlb=\count603
\@aboverulesep=\dimen451
\@belowrulesep=\dimen452
\@thisruleclass=\count604
\@lastruleclass=\count605
\@thisrulewidth=\dimen453
)
\commentWidth=\skip158
LaTeX Info: Redefining \max on input line 128.
LaTeX Info: Redefining \min on input line 129.
)
\@quotelevel=\count606
\@quotereset=\count607
 (./thesis.aux)
\openout1 = `thesis.aux'.

LaTeX Font Info:    Checking defaults for OML/cmm/m/it on input line 54.
LaTeX Font Info:    ... okay on input line 54.
LaTeX Font Info:    Checking defaults for OMS/cmsy/m/n on input line 54.
LaTeX Font Info:    ... okay on input line 54.
LaTeX Font Info:    Checking defaults for OT1/cmr/m/n on input line 54.
LaTeX Font Info:    ... okay on input line 54.
LaTeX Font Info:    Checking defaults for T1/cmr/m/n on input line 54.
LaTeX Font Info:    ... okay on input line 54.
LaTeX Font Info:    Checking defaults for TS1/cmr/m/n on input line 54.
LaTeX Font Info:    ... okay on input line 54.
LaTeX Font Info:    Checking defaults for TU/lmr/m/n on input line 54.
LaTeX Font Info:    ... okay on input line 54.
LaTeX Font Info:    Checking defaults for OMX/cmex/m/n on input line 54.
LaTeX Font Info:    ... okay on input line 54.
LaTeX Font Info:    Checking defaults for U/cmr/m/n on input line 54.
LaTeX Font Info:    ... okay on input line 54.
LaTeX Font Info:    Checking defaults for PD1/pdf/m/n on input line 54.
LaTeX Font Info:    ... okay on input line 54.
LaTeX Font Info:    Checking defaults for PU/pdf/m/n on input line 54.
LaTeX Font Info:    ... okay on input line 54.
Package caption Info: Begin \AtBeginDocument code.
Package caption Info: float package is loaded.
Package caption Info: hyperref package is loaded.
Package caption Info: longtable package is loaded.

(/opt/homebrew/Cellar/texlive/20250308_1/share/texmf-dist/tex/latex/caption/ltc
aption.sty
Package: ltcaption 2021/01/08 v1.4c longtable captions (AR)
)
Package caption Info: supertabular package is loaded.
Package caption Info: threeparttable package is loaded.
Package caption Info: End \AtBeginDocument code.

(/opt/homebrew/Cellar/texlive/20250308_1/share/texmf-dist/tex/latex/pdflscape/p
dflscape.sty
Package: pdflscape 2022-10-27 v0.13 Display of landscape pages in PDF

(/opt/homebrew/Cellar/texlive/20250308_1/share/texmf-dist/tex/latex/pdflscape/p
dflscape-nometadata.sty
Package: pdflscape-nometadata 2022-10-28 v0.13 Display of landscape pages in PD
F (HO)

(/opt/homebrew/Cellar/texlive/20250308_1/share/texmf-dist/tex/latex/graphics/ls
cape.sty
Package: lscape 2020/05/28 v3.02 Landscape Pages (DPC)
)
Package pdflscape Info: Auto-detected driver: dvipdfm (xetex) on input line 98.

))
Package biblatex Info: Trying to load language 'english'...
Package biblatex Info: ... file 'english.lbx' found.

(/opt/homebrew/Cellar/texlive/20250308_1/share/texmf-dist/tex/latex/biblatex/lb
x/english.lbx
File: english.lbx 2024/03/21 v3.20 biblatex localization (PK/MW)
)
Package biblatex Info: XeTeX detected.
(biblatex)             Assuming input encoding 'utf8'.
Package biblatex Info: Automatic encoding selection.
(biblatex)             Assuming data encoding 'utf8'.
\openout3 = `thesis.bcf'.

Package biblatex Info: Trying to load bibliographic data...
Package biblatex Info: ... file 'thesis.bbl' found.
 (./thesis.bbl)
Package biblatex Info: Reference section=0 on input line 54.
Package biblatex Info: Reference segment=0 on input line 54.
Package hyperref Info: Link coloring OFF on input line 54.
 (./thesis.out) (./thesis.out)
\@outlinefile=\write5
\openout5 = `thesis.out'.


*geometry* driver: auto-detecting
*geometry* detected driver: xetex
*geometry* verbose mode - [ preamble ] result:
* driver: xetex
* paper: a4paper
* layout: <same size as paper>
* layoutoffset:(h,v)=(0.0pt,0.0pt)
* hratio: 1:1
* modes: twoside 
* h-part:(L,W,R)=(90.19522pt, 417.11743pt, 90.19522pt)
* v-part:(T,H,B)=(72.27003pt, 700.50684pt, 72.26997pt)
* \paperwidth=597.50787pt
* \paperheight=845.04684pt
* \textwidth=417.11743pt
* \textheight=700.50684pt
* \oddsidemargin=17.92523pt
* \evensidemargin=17.92523pt
* \topmargin=-29.59077pt
* \headheight=14.22636pt
* \headsep=15.36446pt
* \topskip=12.0pt
* \footskip=15.36446pt
* \marginparwidth=0.0pt
* \marginparsep=0.0pt
* \columnsep=10.0pt
* \skip\footins=10.8pt plus 4.0pt minus 2.0pt
* \hoffset=0.0pt
* \voffset=0.0pt
* \mag=1000
* \@twocolumnfalse
* \@twosidetrue
* \@mparswitchtrue
* \@reversemarginfalse
* (1in=72.27pt=25.4mm, 1cm=28.453pt)

\c__nicematrix_shift_Ldots_last_row_dim=\dimen454
\c__nicematrix_shift_exterior_Vdots_dim=\dimen455
\c__nicematrix_innersep_middle_dim=\dimen456
\c@tabularnotesi=\count608
\enitdp@tabularnotes=\count609
\c@tabularnotes*i=\count610
\enitdp@tabularnotes*=\count611
LaTeX Font Info:    Trying to load font information for U+msa on input line 62.


(/opt/homebrew/Cellar/texlive/20250308_1/share/texmf-dist/tex/latex/amsfonts/um
sa.fd
File: umsa.fd 2013/01/14 v3.01 AMS symbols A
)
LaTeX Font Info:    Trying to load font information for U+msb on input line 62.


(/opt/homebrew/Cellar/texlive/20250308_1/share/texmf-dist/tex/latex/amsfonts/um
sb.fd
File: umsb.fd 2013/01/14 v3.01 AMS symbols B
) (./data/cover.tex)

Package hyperref Warning: Token not allowed in a PDF string (Unicode):
(hyperref)                removing `\\' on input line 62.

File: figures/tongji-whole-logo.pdf Graphic file (type pdf)
<use figures/tongji-whole-logo.pdf>

Package fontspec Info: 
(fontspec)             Script 'CJK' not explicitly supported within font
(fontspec)             'LiShu'. Check the typeset output, and if it is okay
(fontspec)             then ignore this warning. Otherwise a different font
(fontspec)             should be chosen.


Package fontspec Info: 
(fontspec)             Font family 'LiShu.ttf(0)' created for font 'LiShu.ttf'
(fontspec)             with options
(fontspec)             [Script={CJK},Path={fonts/},AutoFakeBold={1.2},AutoFakeS
lant={0.167}].
(fontspec)              
(fontspec)              This font family consists of the following NFSS
(fontspec)             series/shapes:
(fontspec)              
(fontspec)             - 'normal' (m/n) with NFSS spec.:
(fontspec)             <->"[fonts/LiShu.ttf]/OT:script=hani;language=dflt;"
(fontspec)             - 'bold' (b/n) with NFSS spec.:
(fontspec)             <->"[fonts/LiShu.ttf]/OT:script=hani;language=dflt;embol
den=1.2;"
(fontspec)             - 'italic' (m/it) with NFSS spec.:
(fontspec)             <->"[fonts/LiShu.ttf]/OT:script=hani;language=dflt;slant
=0.167;"
(fontspec)             - 'bold italic' (b/it) with NFSS spec.:
(fontspec)             <->"[fonts/LiShu.ttf]/OT:script=hani;language=dflt;embol
den=1.2;slant=0.167;"


Package fontspec Info: 
(fontspec)             Font family 'SimHei.ttf(2)' created for font
(fontspec)             'SimHei.ttf' with options
(fontspec)             [Script={CJK},Path={fonts/},AutoFakeBold={1.2},AutoFakeS
lant={0.167}].
(fontspec)              
(fontspec)              This font family consists of the following NFSS
(fontspec)             series/shapes:
(fontspec)              
(fontspec)             - 'normal' (m/n) with NFSS spec.:
(fontspec)             <->"[fonts/SimHei.ttf]/OT:script=hani;language=dflt;"
(fontspec)             - 'bold' (b/n) with NFSS spec.:
(fontspec)             <->"[fonts/SimHei.ttf]/OT:script=hani;language=dflt;embo
lden=1.2;"
(fontspec)             - 'italic' (m/it) with NFSS spec.:
(fontspec)             <->"[fonts/SimHei.ttf]/OT:script=hani;language=dflt;slan
t=0.167;"
(fontspec)             - 'bold italic' (b/it) with NFSS spec.:
(fontspec)             <->"[fonts/SimHei.ttf]/OT:script=hani;language=dflt;embo
lden=1.2;slant=0.167;"


Package fontspec Info: 
(fontspec)             Font family 'FangSong.ttf(0)' created for font
(fontspec)             'FangSong.ttf' with options
(fontspec)             [Script={CJK},Path={fonts/},AutoFakeBold={1.2},AutoFakeS
lant={0.167}].
(fontspec)              
(fontspec)              This font family consists of the following NFSS
(fontspec)             series/shapes:
(fontspec)              
(fontspec)             - 'normal' (m/n) with NFSS spec.:
(fontspec)             <->"[fonts/FangSong.ttf]/OT:script=hani;language=dflt;"
(fontspec)             - 'bold' (b/n) with NFSS spec.:
(fontspec)             <->"[fonts/FangSong.ttf]/OT:script=hani;language=dflt;em
bolden=1.2;"
(fontspec)             - 'italic' (m/it) with NFSS spec.:
(fontspec)             <->"[fonts/FangSong.ttf]/OT:script=hani;language=dflt;sl
ant=0.167;"
(fontspec)             - 'bold italic' (b/it) with NFSS spec.:
(fontspec)             <->"[fonts/FangSong.ttf]/OT:script=hani;language=dflt;em
bolden=1.2;slant=0.167;"


Underfull \hbox (badness 10000) detected at line 62
\TU/FangSong.ttf(0)/m/n/16.06 组 号
 []


Overfull \hbox (36.15073pt too wide) in paragraph at lines 62--62
 []|  [] 
 []


Package fontspec Info: 
(fontspec)             Font family 'SimSun.ttf(3)' created for font
(fontspec)             'SimSun.ttf' with options
(fontspec)             [Script={CJK},Path={fonts/},AutoFakeBold={1.2},AutoFakeS
lant={0.167}].
(fontspec)              
(fontspec)              This font family consists of the following NFSS
(fontspec)             series/shapes:
(fontspec)              
(fontspec)             - 'normal' (m/n) with NFSS spec.:
(fontspec)             <->"[fonts/SimSun.ttf]/OT:script=hani;language=dflt;"
(fontspec)             - 'bold' (b/n) with NFSS spec.:
(fontspec)             <->"[fonts/SimSun.ttf]/OT:script=hani;language=dflt;embo
lden=1.2;"
(fontspec)             - 'italic' (m/it) with NFSS spec.:
(fontspec)             <->"[fonts/SimSun.ttf]/OT:script=hani;language=dflt;slan
t=0.167;"
(fontspec)             - 'bold italic' (b/it) with NFSS spec.:
(fontspec)             <->"[fonts/SimSun.ttf]/OT:script=hani;language=dflt;embo
lden=1.2;slant=0.167;"



[1



]

LaTeX Font Warning: Font shape `TU/SimHei.ttf(1)/b/n' undefined
(Font)              using `TU/SimHei.ttf(1)/m/n' instead on input line 62.




Package fancyhdr Warning: \headheight is too small (14.22636pt): 
(fancyhdr)                Make it at least 20.07498pt, for example:
(fancyhdr)                \setlength{\headheight}{20.07498pt}.
(fancyhdr)                You might also make \topmargin smaller:
(fancyhdr)                \addtolength{\topmargin}{-5.84862pt}.


Package fancyhdr Warning: \footskip is too small (15.36446pt): 
(fancyhdr)                Make it at least 15.61334pt, for example:
(fancyhdr)                \setlength{\footskip}{15.61334pt}.

[1



] (./data/chap01.tex
第1章



Package fancyhdr Warning: \footskip is too small (15.36446pt): 
(fancyhdr)                Make it at least 15.61334pt, for example:
(fancyhdr)                \setlength{\footskip}{15.61334pt}.

[1


]) (./data/chap02.tex


Package fancyhdr Warning: \footskip is too small (15.36446pt): 
(fancyhdr)                Make it at least 15.61334pt, for example:
(fancyhdr)                \setlength{\footskip}{15.61334pt}.

[2]
第2章



Package fancyhdr Warning: \footskip is too small (15.36446pt): 
(fancyhdr)                Make it at least 15.61334pt, for example:
(fancyhdr)                \setlength{\footskip}{15.61334pt}.

[3

]


Package fancyhdr Warning: \footskip is too small (15.36446pt): 
(fancyhdr)                Make it at least 15.61334pt, for example:
(fancyhdr)                \setlength{\footskip}{15.61334pt}.

[4]
Underfull \hbox (badness 10000) in paragraph at lines 107--108
[]\TU/SimSun.ttf(1)/m/n/12.045 缺 失 值 填 充 与 类 别 取 值 在 训 练 阶 段 拟 合，|  并 序 列 化 至
 []




Package fancyhdr Warning: \footskip is too small (15.36446pt): 
(fancyhdr)                Make it at least 15.61334pt, for example:
(fancyhdr)                \setlength{\footskip}{15.61334pt}.

[5]
Overfull \hbox (13.71063pt too wide) in paragraph at lines 155--156
[]\TU/SimSun.ttf(1)/m/n/12.045 推 荐 服 务 不 直 接 在 线 训 练，|  而 是 由 \TU/cour.ttf(0)/m
/n/12.045 recommender/scripts/build_all.py
 []


Underfull \hbox (badness 10000) in paragraph at lines 155--156
\TU/SimSun.ttf(1)/m/n/12.045 离 线 生 成 \TU/times.ttf(0)/m/n/12.045 vectorizer\TU/
SimSun.ttf(1)/m/n/12.045 、|  稀 疏 矩 阵 与 \TU/times.ttf(0)/m/n/12.045 KNN \TU/SimS
un.ttf(1)/m/n/12.045 模 型，|  存 放 于
 []


Underfull \hbox (badness 2197) in paragraph at lines 155--156
\TU/cour.ttf(0)/m/n/12.045 recommender/artifacts/\TU/SimSun.ttf(1)/m/n/12.045 。
|  该 设 计 保 证 服 务 启 动 时 仅 需 加 载 产 物，|  降
 []




Package fancyhdr Warning: \footskip is too small (15.36446pt): 
(fancyhdr)                Make it at least 15.61334pt, for example:
(fancyhdr)                \setlength{\footskip}{15.61334pt}.

[6]) (./data/chap03.tex


Package fancyhdr Warning: \footskip is too small (15.36446pt): 
(fancyhdr)                Make it at least 15.61334pt, for example:
(fancyhdr)                \setlength{\footskip}{15.61334pt}.

[7]
第3章

Underfull \hbox (badness 1418) in paragraph at lines 19--20
[]\TU/SimSun.ttf(1)/m/n/12.045 表 []\TU/times.ttf(0)/m/n/12.045 3.1[] \TU/SimSun
.ttf(1)/m/n/12.045 给 出 了 \TU/times.ttf(0)/m/n/12.045 CineScope \TU/SimSun.ttf(1
)/m/n/12.045 终 版 数 据 集 规 模。|  该 数 据 集 源 自 \TU/times.ttf(0)/m/n/12.045 MovieLens

 []




Package fancyhdr Warning: \footskip is too small (15.36446pt): 
(fancyhdr)                Make it at least 15.61334pt, for example:
(fancyhdr)                \setlength{\footskip}{15.61334pt}.

[8

]


Package fancyhdr Warning: \footskip is too small (15.36446pt): 
(fancyhdr)                Make it at least 15.61334pt, for example:
(fancyhdr)                \setlength{\footskip}{15.61334pt}.

[9]


Package fancyhdr Warning: \footskip is too small (15.36446pt): 
(fancyhdr)                Make it at least 15.61334pt, for example:
(fancyhdr)                \setlength{\footskip}{15.61334pt}.

[10]


Package fancyhdr Warning: \footskip is too small (15.36446pt): 
(fancyhdr)                Make it at least 15.61334pt, for example:
(fancyhdr)                \setlength{\footskip}{15.61334pt}.

[11]


Package fancyhdr Warning: \footskip is too small (15.36446pt): 
(fancyhdr)                Make it at least 15.61334pt, for example:
(fancyhdr)                \setlength{\footskip}{15.61334pt}.

[12]
Underfull \hbox (badness 10000) in paragraph at lines 273--274
[]\TU/SimSun.ttf(1)/m/n/12.045 前 端 \TU/times.ttf(0)/m/n/12.045 Atlas \TU/SimSun
.ttf(1)/m/n/12.045 通 过 \TU/cour.ttf(0)/m/n/12.045 /stats/summary\TU/SimSun.ttf(
1)/m/n/12.045 、| \TU/cour.ttf(0)/m/n/12.045 /stats/genres\TU/SimSun.ttf(1)/m/n/
12.045 、|
 []


Underfull \hbox (badness 10000) in paragraph at lines 273--274
\TU/cour.ttf(0)/m/n/12.045 /stats/budget-trend\TU/SimSun.ttf(1)/m/n/12.045 、| \
TU/cour.ttf(0)/m/n/12.045 /stats/revenue-budget \TU/SimSun.ttf(1)/m/n/12.045 与
 []


Underfull \hbox (badness 2707) in paragraph at lines 273--274
\TU/cour.ttf(0)/m/n/12.045 /stats/correlations \TU/SimSun.ttf(1)/m/n/12.045 在 线
 展 示 预 算 趋 势、|  类 型 分 布、|  预 算  |—|  票 房 散
 []

) (./data/chap04.tex


Package fancyhdr Warning: \footskip is too small (15.36446pt): 
(fancyhdr)                Make it at least 15.61334pt, for example:
(fancyhdr)                \setlength{\footskip}{15.61334pt}.

[13]
第4章



Package fancyhdr Warning: \footskip is too small (15.36446pt): 
(fancyhdr)                Make it at least 15.61334pt, for example:
(fancyhdr)                \setlength{\footskip}{15.61334pt}.

[14

]


Package fancyhdr Warning: \footskip is too small (15.36446pt): 
(fancyhdr)                Make it at least 15.61334pt, for example:
(fancyhdr)                \setlength{\footskip}{15.61334pt}.

[15]) (./data/chap05.tex


Package fancyhdr Warning: \footskip is too small (15.36446pt): 
(fancyhdr)                Make it at least 15.61334pt, for example:
(fancyhdr)                \setlength{\footskip}{15.61334pt}.

[16]
第5章
)


Package fancyhdr Warning: \footskip is too small (15.36446pt): 
(fancyhdr)                Make it at least 15.61334pt, for example:
(fancyhdr)                \setlength{\footskip}{15.61334pt}.

[17

]
\tf@thm=\write6
\openout6 = `thesis.thm'.




Package fancyhdr Warning: \footskip is too small (15.36446pt): 
(fancyhdr)                Make it at least 15.61334pt, for example:
(fancyhdr)                \setlength{\footskip}{15.61334pt}.

[18] (./thesis.aux)
 ***********
LaTeX2e <2024-11-01> patch level 2
L3 programming layer <2022/08/05>
 ***********


LaTeX Font Warning: Some font shapes were not available, defaults substituted.

Package rerunfilecheck Info: File `thesis.out' has not changed.
(rerunfilecheck)             Checksum: 9D5393CC81301E2073FE010FD8B4157B;7279.
Package logreq Info: Writing requests to 'thesis.run.xml'.
\openout1 = `thesis.run.xml'.

 ) 
Here is how much of TeX's memory you used:
 46723 strings out of 473832
 1033311 string characters out of 5719382
 1939541 words of memory out of 5000000
 68978 multiletter control sequences out of 15000+600000
 578272 words of font info for 163 fonts, out of 8000000 for 9000
 1349 hyphenation exceptions out of 8191
 112i,12n,126p,1218b,983s stack positions out of 10000i,1000n,20000p,200000b,200000s

Output written on thesis.xdv (20 pages, 251652 bytes).
