\BOOKMARK [-1][]{ctitle.-1}{\376\377\000C\000i\000n\000e\000S\000c\000o\000p\000e\377\032\227\142\124\021\165\065\137\161\145\160\143\156\166\204\122\006\147\220\116\016\143\250\203\120\174\373\176\337\213\276\213\241\116\016\133\236\163\260}{}% 1
\BOOKMARK [0][]{tongjichapter.1.0}{\376\377\144\130\211\201}{ctitle.-1}% 2
\BOOKMARK [0][]{chapter.1}{\376\377\173\054\0001\172\340\000\040\176\352\213\272}{ctitle.-1}% 3
\BOOKMARK [1][-]{section.1.1}{\376\377\0001\000.\0001\000\040\170\024\172\166\200\314\146\157}{chapter.1}% 4
\BOOKMARK [1][-]{section.1.2}{\376\377\0001\000.\0002\000\040\225\356\230\230\133\232\116\111}{chapter.1}% 5
\BOOKMARK [1][-]{section.1.3}{\376\377\0001\000.\0003\000\040\170\024\172\166\166\356\150\007}{chapter.1}% 6
\BOOKMARK [0][]{chapter.2}{\376\377\173\054\0002\172\340\000\040\174\373\176\337\213\276\213\241\116\016\121\163\225\056\142\200\147\057}{ctitle.-1}% 7
\BOOKMARK [1][-]{section.2.1}{\376\377\0002\000.\0001\000\040\174\373\176\337\140\073\117\123\147\266\147\204}{chapter.2}% 8
\BOOKMARK [1][-]{section.2.2}{\376\377\0002\000.\0002\000\040\145\160\143\156\131\004\164\006\116\016\162\171\137\201\147\204\136\372}{chapter.2}% 9
\BOOKMARK [2][-]{subsection.2.2.1}{\376\377\0002\000.\0002\000.\0001\000\040\000E\000T\000L\000\040\155\101\154\064\176\277}{section.2.2}% 10
\BOOKMARK [2][-]{subsection.2.2.2}{\376\377\0002\000.\0002\000.\0002\000\040\145\160\143\156\215\050\221\317\176\246\147\137}{section.2.2}% 11
\BOOKMARK [1][-]{section.2.3}{\376\377\0002\000.\0003\000\040\171\150\142\077\230\204\155\113\145\271\154\325}{chapter.2}% 12
\BOOKMARK [2][-]{subsection.2.3.1}{\376\377\0002\000.\0003\000.\0001\000\040\166\356\150\007\123\330\221\317\116\016\150\067\147\054\173\133\220\011}{section.2.3}% 13
\BOOKMARK [2][-]{subsection.2.3.2}{\376\377\0002\000.\0003\000.\0002\000\040\162\171\137\201\135\345\172\013}{section.2.3}% 14
\BOOKMARK [2][-]{subsection.2.3.3}{\376\377\0002\000.\0003\000.\0003\000\040\226\306\142\020\126\336\137\122\152\041\127\213}{section.2.3}% 15
\BOOKMARK [2][-]{subsection.2.3.4}{\376\377\0002\000.\0003\000.\0004\000\040\213\255\176\303\215\205\123\302\145\160}{section.2.3}% 16
\BOOKMARK [2][-]{subsection.2.3.5}{\376\377\0002\000.\0003\000.\0005\000\040\162\171\137\201\213\276\213\241\213\364\146\016}{section.2.3}% 17
\BOOKMARK [1][-]{section.2.4}{\376\377\0002\000.\0004\000\040\143\250\203\120\174\373\176\337\145\271\154\325}{chapter.2}% 18
\BOOKMARK [2][-]{subsection.2.4.1}{\376\377\0002\000.\0004\000.\0001\000\040\121\205\133\271\143\250\203\120}{section.2.4}% 19
\BOOKMARK [2][-]{subsection.2.4.2}{\376\377\0002\000.\0004\000.\0002\000\040\123\117\124\014\217\307\156\344\143\250\203\120}{section.2.4}% 20
\BOOKMARK [2][-]{subsection.2.4.3}{\376\377\0002\000.\0004\000.\0003\000\040\171\273\176\277\116\247\162\151\147\204\136\372}{section.2.4}% 21
\BOOKMARK [1][-]{section.2.5}{\376\377\0002\000.\0005\000\040\136\224\165\050\134\102\116\016\146\172\200\375\225\356\173\124}{chapter.2}% 22
\BOOKMARK [2][-]{subsection.2.5.1}{\376\377\0002\000.\0005\000.\0001\000\040\176\337\116\000\124\016\172\357}{section.2.5}% 23
\BOOKMARK [2][-]{subsection.2.5.2}{\376\377\0002\000.\0005\000.\0002\000\040\000R\000A\000G\000\040\116\016\000\040\000A\000g\000e\000n\000t\000\040\135\345\117\134\155\101}{section.2.5}% 24
\BOOKMARK [2][-]{subsection.2.5.3}{\376\377\0002\000.\0005\000.\0003\000\040\122\115\172\357\116\244\116\222}{section.2.5}% 25
\BOOKMARK [0][]{chapter.3}{\376\377\173\054\0003\172\340\000\040\133\236\232\214\213\276\213\241\116\016\176\323\147\234\122\006\147\220}{ctitle.-1}% 26
\BOOKMARK [1][-]{section.3.1}{\376\377\0003\000.\0001\000\040\133\236\232\214\163\257\130\203\116\016\145\160\143\156\226\306}{chapter.3}% 27
\BOOKMARK [2][-]{subsection.3.1.1}{\376\377\0003\000.\0001\000.\0001\000\040\217\157\170\154\116\366\163\257\130\203}{section.3.1}% 28
\BOOKMARK [2][-]{subsection.3.1.2}{\376\377\0003\000.\0001\000.\0002\000\040\176\310\162\110\145\160\143\156\226\306\176\337\213\241}{section.3.1}% 29
\BOOKMARK [1][-]{section.3.2}{\376\377\0003\000.\0002\000\040\145\160\143\156\156\005\155\027\133\236\232\214\176\323\147\234}{chapter.3}% 30
\BOOKMARK [1][-]{section.3.3}{\376\377\0003\000.\0003\000\040\171\150\142\077\230\204\155\113\133\236\232\214}{chapter.3}% 31
\BOOKMARK [2][-]{subsection.3.3.1}{\376\377\0003\000.\0003\000.\0001\000\040\133\236\232\214\213\276\177\156}{section.3.3}% 32
\BOOKMARK [2][-]{subsection.3.3.2}{\376\377\0003\000.\0003\000.\0002\000\040\123\125\152\041\127\213\116\016\226\306\142\020\176\323\147\234}{section.3.3}% 33
\BOOKMARK [2][-]{subsection.3.3.3}{\376\377\0003\000.\0003\000.\0003\000\040\176\323\147\234\122\006\147\220}{section.3.3}% 34
\BOOKMARK [2][-]{subsection.3.3.4}{\376\377\0003\000.\0003\000.\0004\000\040\162\171\137\201\221\315\211\201\140\047\122\006\147\220}{section.3.3}% 35
\BOOKMARK [1][-]{section.3.4}{\376\377\0003\000.\0004\000\040\165\065\137\161\150\300\175\042\122\237\200\375\133\236\232\214}{chapter.3}% 36
\BOOKMARK [1][-]{section.3.5}{\376\377\0003\000.\0005\000\040\143\250\203\120\174\373\176\337\133\236\232\214}{chapter.3}% 37
\BOOKMARK [2][-]{subsection.3.5.1}{\376\377\0003\000.\0005\000.\0001\000\040\171\273\176\277\116\247\162\151\211\206\166\326}{section.3.5}% 38
\BOOKMARK [2][-]{subsection.3.5.2}{\376\377\0003\000.\0005\000.\0002\000\040\127\050\176\277\143\250\203\120\150\067\117\213}{section.3.5}% 39
\BOOKMARK [2][-]{subsection.3.5.3}{\376\377\0003\000.\0005\000.\0003\000\040\000A\000g\000e\000n\000t\000\040\143\250\203\120\133\236\232\214}{section.3.5}% 40
\BOOKMARK [1][-]{section.3.6}{\376\377\0003\000.\0006\000\040\123\357\211\306\123\026\116\016\176\337\213\241\122\006\147\220\133\236\232\214}{chapter.3}% 41
\BOOKMARK [0][]{chapter.4}{\376\377\173\054\0004\172\340\000\040\170\024\172\166\176\323\147\234\213\250\213\272}{ctitle.-1}% 42
\BOOKMARK [1][-]{section.4.1}{\376\377\0004\000.\0001\000\040\145\271\154\325\147\011\145\110\140\047\122\006\147\220}{chapter.4}% 43
\BOOKMARK [2][-]{subsection.4.1.1}{\376\377\0004\000.\0001\000.\0001\000\040\145\160\143\156\131\004\164\006\147\011\145\110\140\047}{section.4.1}% 44
\BOOKMARK [2][-]{subsection.4.1.2}{\376\377\0004\000.\0001\000.\0002\000\040\171\150\142\077\230\204\155\113\147\011\145\110\140\047}{section.4.1}% 45
\BOOKMARK [2][-]{subsection.4.1.3}{\376\377\0004\000.\0001\000.\0003\000\040\143\250\203\120\174\373\176\337\147\011\145\110\140\047}{section.4.1}% 46
\BOOKMARK [2][-]{subsection.4.1.4}{\376\377\0004\000.\0001\000.\0004\000\040\150\300\175\042\116\016\176\337\213\241\147\011\145\110\140\047}{section.4.1}% 47
\BOOKMARK [1][-]{section.4.2}{\376\377\0004\000.\0002\000\040\213\357\135\356\147\145\156\220\116\016\134\100\226\120\140\047}{chapter.4}% 48
\BOOKMARK [1][-]{section.4.3}{\376\377\0004\000.\0003\000\040\145\071\217\333\145\271\124\021}{chapter.4}% 49
\BOOKMARK [0][]{chapter.5}{\376\377\173\054\0005\172\340\000\040\140\073\176\323\116\016\134\125\147\033}{ctitle.-1}% 50
\BOOKMARK [1][-]{section.5.1}{\376\377\0005\000.\0001\000\040\135\345\117\134\140\073\176\323}{chapter.5}% 51
\BOOKMARK [1][-]{section.5.2}{\376\377\0005\000.\0002\000\040\116\073\211\201\122\033\145\260\160\271}{chapter.5}% 52
\BOOKMARK [1][-]{section.5.3}{\376\377\0005\000.\0003\000\040\134\125\147\033}{chapter.5}% 53
